Component: ARM Compiler 6.13.1 Tool: armlink [5d895400]

==============================================================================

Section Cross References

    main.o(.text.Motor_Forward) refers to dio.o(.text.DIO_WritePin) for DIO_WritePin
    main.o(.ARM.exidx.text.Motor_Forward) refers to main.o(.text.Motor_Forward) for [Anonymous Symbol]
    main.o(.text.Motor_Backward) refers to dio.o(.text.DIO_WritePin) for DIO_WritePin
    main.o(.ARM.exidx.text.Motor_Backward) refers to main.o(.text.Motor_Backward) for [Anonymous Symbol]
    main.o(.text.Motor_Stop) refers to dio.o(.text.DIO_WritePin) for DIO_WritePin
    main.o(.ARM.exidx.text.Motor_Stop) refers to main.o(.text.Motor_Stop) for [Anonymous Symbol]
    main.o(.ARM.exidx.text.delayMs) refers to main.o(.text.delayMs) for [Anonymous Symbol]
    main.o(.text.ManualController) refers to main.o(.bss.xMotor) for xMotor
    main.o(.text.ManualController) refers to tasks.o(.text.vTaskDelay) for vTaskDelay
    main.o(.text.ManualController) refers to queue.o(.text.xQueueGenericSend) for xQueueGenericSend
    main.o(.ARM.exidx.text.ManualController) refers to main.o(.text.ManualController) for [Anonymous Symbol]
    main.o(.text.JammTask) refers to main.o(.bss.xUpModeSemaphore) for xUpModeSemaphore
    main.o(.text.JammTask) refers to queue.o(.text.xQueueSemaphoreTake) for xQueueSemaphoreTake
    main.o(.text.JammTask) refers to main.o(.bss.xJammingSemaphore) for xJammingSemaphore
    main.o(.text.JammTask) refers to main.o(.bss.xMotor) for xMotor
    main.o(.text.JammTask) refers to queue.o(.text.xQueueGenericSend) for xQueueGenericSend
    main.o(.ARM.exidx.text.JammTask) refers to main.o(.text.JammTask) for [Anonymous Symbol]
    main.o(.text.MotorController) refers to main.o(.bss.xMotor) for xMotor
    main.o(.text.MotorController) refers to queue.o(.text.xQueueReceive) for xQueueReceive
    main.o(.text.MotorController) refers to main.o(.text.Motor_Stop) for Motor_Stop
    main.o(.text.MotorController) refers to main.o(.text.Motor_Backward) for Motor_Backward
    main.o(.text.MotorController) refers to main.o(.text.Motor_Forward) for Motor_Forward
    main.o(.ARM.exidx.text.MotorController) refers to main.o(.text.MotorController) for [Anonymous Symbol]
    main.o(.text.PassengerTask) refers to main.o(.bss.xPassenger) for xPassenger
    main.o(.text.PassengerTask) refers to main.o(.bss.xUpModeSemaphore) for xUpModeSemaphore
    main.o(.text.PassengerTask) refers to main.o(.bss.xMotor) for xMotor
    main.o(.text.PassengerTask) refers to queue.o(.text.xQueueReceive) for xQueueReceive
    main.o(.text.PassengerTask) refers to queue.o(.text.xQueueGenericSend) for xQueueGenericSend
    main.o(.ARM.exidx.text.PassengerTask) refers to main.o(.text.PassengerTask) for [Anonymous Symbol]
    main.o(.text.main) refers to main.o(.text.ports_inits) for ports_inits
    main.o(.text.main) refers to queue.o(.text.xQueueGenericCreate) for xQueueGenericCreate
    main.o(.text.main) refers to main.o(.bss.xMotor) for xMotor
    main.o(.text.main) refers to main.o(.bss.xPassenger) for xPassenger
    main.o(.text.main) refers to main.o(.bss.xUpModeSemaphore) for xUpModeSemaphore
    main.o(.text.main) refers to main.o(.bss.xJammingSemaphore) for xJammingSemaphore
    main.o(.text.main) refers to main.o(.bss.switchTaskHandle) for switchTaskHandle
    main.o(.text.main) refers to main.o(.text.ManualController) for ManualController
    main.o(.text.main) refers to tasks.o(.text.xTaskCreate) for xTaskCreate
    main.o(.text.main) refers to main.o(.bss.passenger) for passenger
    main.o(.text.main) refers to main.o(.text.PassengerTask) for PassengerTask
    main.o(.text.main) refers to main.o(.text.MotorController) for MotorController
    main.o(.text.main) refers to main.o(.text.JammTask) for JammTask
    main.o(.text.main) refers to tasks.o(.text.vTaskStartScheduler) for vTaskStartScheduler
    main.o(.ARM.exidx.text.main) refers to main.o(.text.main) for [Anonymous Symbol]
    main.o(.text.ports_inits) refers to main.o(.text.PortA_Init) for PortA_Init
    main.o(.text.ports_inits) refers to main.o(.text.PortF_Init) for PortF_Init
    main.o(.text.ports_inits) refers to main.o(.text.PortB_Init) for PortB_Init
    main.o(.text.ports_inits) refers to main.o(.text.PortD_Init) for PortD_Init
    main.o(.ARM.exidx.text.ports_inits) refers to main.o(.text.ports_inits) for [Anonymous Symbol]
    main.o(.ARM.exidx.text.PortA_Init) refers to main.o(.text.PortA_Init) for [Anonymous Symbol]
    main.o(.ARM.exidx.text.PortF_Init) refers to main.o(.text.PortF_Init) for [Anonymous Symbol]
    main.o(.ARM.exidx.text.PortB_Init) refers to main.o(.text.PortB_Init) for [Anonymous Symbol]
    main.o(.ARM.exidx.text.PortD_Init) refers to main.o(.text.PortD_Init) for [Anonymous Symbol]
    main.o(.text.GPIOF_Handler) refers to main.o(.bss.xJammingSemaphore) for xJammingSemaphore
[...]
    ../clib/angel/sys.s                      0x00000000   Number         0  libspace.o ABSOLUTE
    ../clib/angel/sys.s                      0x00000000   Number         0  use_no_semi.o ABSOLUTE
    ../clib/angel/sys.s                      0x00000000   Number         0  indicate_semi.o ABSOLUTE
    ../clib/angel/sysapp.c                   0x00000000   Number         0  sys_exit.o ABSOLUTE
    ../clib/angel/sysapp.c                   0x00000000   Number         0  sys_exit_hlt.o ABSOLUTE
    ../clib/angel/sysapp.c                   0x00000000   Number         0  sys_command.o ABSOLUTE
    ../clib/angel/sysapp.c                   0x00000000   Number         0  sys_command_hlt.o ABSOLUTE
    ../clib/angel/sysapp.c                   0x00000000   Number         0  sys_wrch.o ABSOLUTE
    ../clib/angel/sysapp.c                   0x00000000   Number         0  sys_wrch_hlt.o ABSOLUTE
    ../clib/armsys.c                         0x00000000   Number         0  argv_veneer.o ABSOLUTE
    ../clib/armsys.c                         0x00000000   Number         0  argv_veneer.o ABSOLUTE
    ../clib/armsys.c                         0x00000000   Number         0  _get_argv_nomalloc.o ABSOLUTE
    ../clib/armsys.c                         0x00000000   Number         0  no_argv.o ABSOLUTE
    ../clib/heapalloc.c                      0x00000000   Number         0  hrguard.o ABSOLUTE
    ../clib/heapaux.c                        0x00000000   Number         0  heapauxi.o ABSOLUTE
    ../clib/libinit.s                        0x00000000   Number         0  libinit.o ABSOLUTE
    ../clib/libinit.s                        0x00000000   Number         0  libinit2.o ABSOLUTE
    ../clib/libinit.s                        0x00000000   Number         0  libshutdown.o ABSOLUTE
    ../clib/libinit.s                        0x00000000   Number         0  libshutdown2.o ABSOLUTE
    ../clib/memcpset.s                       0x00000000   Number         0  rt_memcpy_v6.o ABSOLUTE
    ../clib/memcpset.s                       0x00000000   Number         0  rt_memclr.o ABSOLUTE
    ../clib/memcpset.s                       0x00000000   Number         0  rt_memcpy_w.o ABSOLUTE
    ../clib/memcpset.s                       0x00000000   Number         0  rt_memclr_w.o ABSOLUTE
    ../clib/signal.c                         0x00000000   Number         0  defsig_rtmem_outer.o ABSOLUTE
    ../clib/signal.c                         0x00000000   Number         0  defsig_rtmem_formal.o ABSOLUTE
    ../clib/signal.c                         0x00000000   Number         0  defsig_exit.o ABSOLUTE
    ../clib/signal.c                         0x00000000   Number         0  defsig_rtmem_inner.o ABSOLUTE
    ../clib/signal.c                         0x00000000   Number         0  __raise.o ABSOLUTE
    ../clib/signal.c                         0x00000000   Number         0  defsig_general.o ABSOLUTE
    ../clib/signal.c                         0x00000000   Number         0  defsig_abrt_inner.o ABSOLUTE
    ../clib/signal.c                         0x00000000   Number         0  defsig_fpe_inner.o ABSOLUTE
    ../clib/signal.c                         0x00000000   Number         0  defsig_rtred_inner.o ABSOLUTE
    ../clib/signal.c                         0x00000000   Number         0  defsig_stak_inner.o ABSOLUTE
    ../clib/signal.c                         0x00000000   Number         0  defsig_pvfn_inner.o ABSOLUTE
    ../clib/signal.c                         0x00000000   Number         0  defsig_cppl_inner.o ABSOLUTE
    ../clib/signal.c                         0x00000000   Number         0  defsig_segv_inner.o ABSOLUTE
    ../clib/signal.c                         0x00000000   Number         0  defsig_other.o ABSOLUTE
    ../clib/signal.s                         0x00000000   Number         0  defsig.o ABSOLUTE
    ../clib/stdlib.c                         0x00000000   Number         0  exit.o ABSOLUTE
    ../fplib/fpinit.s                        0x00000000   Number         0  fpinit.o ABSOLUTE
    DIO.c                                    0x00000000   Number         0  dio.o ABSOLUTE
    RTE\Device\TM4C123GH6PM\startup_TM4C123.s 0x00000000   Number         0  startup_tm4c123.o ABSOLUTE
    dc.s                                     0x00000000   Number         0  dc.o ABSOLUTE
    freertos_evr.c                           0x00000000   Number         0  freertos_evr.o ABSOLUTE
    heap_1.c                                 0x00000000   Number         0  heap_1.o ABSOLUTE
    list.c                                   0x00000000   Number         0  list.o ABSOLUTE
    main.c                                   0x00000000   Number         0  main.o ABSOLUTE
    port.c                                   0x00000000   Number         0  port.o ABSOLUTE
    queue.c                                  0x00000000   Number         0  queue.o ABSOLUTE
    system_TM4C123.c                         0x00000000   Number         0  system_tm4c123.o ABSOLUTE
    tasks.c                                  0x00000000   Number         0  tasks.o ABSOLUTE
    timers.c                                 0x00000000   Number         0  timers.o ABSOLUTE
    RESET                                    0x00000000   Section      620  startup_tm4c123.o(RESET)
    !!!main                                  0x0000026c   Section        8  __main.o(!!!main)
    !!!scatter                               0x00000274   Section       52  __scatter.o(!!!scatter)
    !!handler_copy                           0x000002a8   Section       26  __scatter_copy.o(!!handler_copy)
    !!handler_zi                             0x000002c4   Section       28  __scatter_zi.o(!!handler_zi)
    .ARM.Collect$$libinit$$00000000          0x000002e0   Section        2  libinit.o(.ARM.Collect$$libinit$$00000000)
    .ARM.Collect$$libinit$$00000001          0x000002e2   Section        4  libinit2.o(.ARM.Collect$$libinit$$00000001)
    .ARM.Collect$$libinit$$00000004          0x000002e6   Section        0  libinit2.o(.ARM.Collect$$libinit$$00000004)
    .ARM.Collect$$libinit$$0000000A          0x000002e6   Section        0  libinit2.o(.ARM.Collect$$libinit$$0000000A)
    .ARM.Collect$$libinit$$0000000C          0x000002e6   Section        0  libinit2.o(.ARM.Collect$$libinit$$0000000C)
    .ARM.Collect$$libinit$$0000000E          0x000002e6   Section        0  libinit2.o(.ARM.Collect$$libinit$$0000000E)
    .ARM.Collect$$libinit$$00000011          0x000002e6   Section        0  libinit2.o(.ARM.Collect$$libinit$$00000011)
    .ARM.Collect$$libinit$$00000013          0x000002e6   Section        0  libinit2.o(.ARM.Collect$$libinit$$00000013)
    .ARM.Collect$$libinit$$00000015          0x000002e6   Section        0  libinit2.o(.ARM.Collect$$libinit$$00000015)
    .ARM.Collect$$libinit$$00000017          0x000002e6   Section        0  libinit2.o(.ARM.Collect$$libinit$$00000017)
    .ARM.Collect$$libinit$$00000019          0x000002e6   Section        0  libinit2.o(.ARM.Collect$$libinit$$00000019)
    .ARM.Collect$$libinit$$0000001B          0x000002e6   Section        0  libinit2.o(.ARM.Collect$$libinit$$0000001B)
    .ARM.Collect$$libinit$$0000001D          0x000002e6   Section        0  libinit2.o(.ARM.Collect$$libinit$$0000001D)
    .ARM.Collect$$libinit$$0000001F          0x000002e6   Section        0  libinit2.o(.ARM.Collect$$libinit$$0000001F)
    .ARM.Collect$$libinit$$00000021          0x000002e6   Section        0  libinit2.o(.ARM.Collect$$libinit$$00000021)
    .ARM.Collect$$libinit$$00000023          0x000002e6   Section        0  libinit2.o(.ARM.Collect$$libinit$$00000023)
    .ARM.Collect$$libinit$$00000025          0x000002e6   Section        0  libinit2.o(.ARM.Collect$$libinit$$00000025)
    .ARM.Collect$$libinit$$0000002C          0x000002e6   Section        0  libinit2.o(.ARM.Collect$$libinit$$0000002C)
    .ARM.Collect$$libinit$$0000002E          0x000002e6   Section        0  libinit2.o(.ARM.Collect$$libinit$$0000002E)
    .ARM.Collect$$libinit$$00000030          0x000002e6   Section        0  libinit2.o(.ARM.Collect$$libinit$$00000030)
    .ARM.Collect$$libinit$$00000032          0x000002e6   Section        0  libinit2.o(.ARM.Collect$$libinit$$00000032)
    .ARM.Collect$$libinit$$00000033          0x000002e6   Section        2  libinit2.o(.ARM.Collect$$libinit$$00000033)
    .ARM.Collect$$libshutdown$$00000000      0x000002e8   Section        2  libshutdown.o(.ARM.Collect$$libshutdown$$00000000)
    .ARM.Collect$$libshutdown$$00000002      0x000002ea   Section        0  libshutdown2.o(.ARM.Collect$$libshutdown$$00000002)
    .ARM.Collect$$libshutdown$$00000004      0x000002ea   Section        0  libshutdown2.o(.ARM.Collect$$libshutdown$$00000004)
    .ARM.Collect$$libshutdown$$00000007      0x000002ea   Section        0  libshutdown2.o(.ARM.Collect$$libshutdown$$00000007)
    .ARM.Collect$$libshutdown$$0000000A      0x000002ea   Section        0  libshutdown2.o(.ARM.Collect$$libshutdown$$0000000A)
    .ARM.Collect$$libshutdown$$0000000C      0x000002ea   Section        0  libshutdown2.o(.ARM.Collect$$libshutdown$$0000000C)
    .ARM.Collect$$libshutdown$$0000000F      0x000002ea   Section        0  libshutdown2.o(.ARM.Collect$$libshutdown$$0000000F)
    .ARM.Collect$$libshutdown$$00000010      0x000002ea   Section        2  libshutdown2.o(.ARM.Collect$$libshutdown$$00000010)
    .ARM.Collect$$rtentry$$00000000          0x000002ec   Section        0  __rtentry.o(.ARM.Collect$$rtentry$$00000000)
    .ARM.Collect$$rtentry$$00000002          0x000002ec   Section        0  __rtentry2.o(.ARM.Collect$$rtentry$$00000002)
    .ARM.Collect$$rtentry$$00000004          0x000002ec   Section        6  __rtentry4.o(.ARM.Collect$$rtentry$$00000004)
    .ARM.Collect$$rtentry$$00000009          0x000002f2   Section        0  __rtentry2.o(.ARM.Collect$$rtentry$$00000009)
    .ARM.Collect$$rtentry$$0000000A          0x000002f2   Section        4  __rtentry2.o(.ARM.Collect$$rtentry$$0000000A)
    .ARM.Collect$$rtentry$$0000000C          0x000002f6   Section        0  __rtentry2.o(.ARM.Collect$$rtentry$$0000000C)
    .ARM.Collect$$rtentry$$0000000D          0x000002f6   Section        8  __rtentry2.o(.ARM.Collect$$rtentry$$0000000D)
    .ARM.Collect$$rtexit$$00000000           0x000002fe   Section        2  rtexit.o(.ARM.Collect$$rtexit$$00000000)
    .ARM.Collect$$rtexit$$00000002           0x00000300   Section        0  rtexit2.o(.ARM.Collect$$rtexit$$00000002)
    .ARM.Collect$$rtexit$$00000003           0x00000300   Section        4  rtexit2.o(.ARM.Collect$$rtexit$$00000003)
    .ARM.Collect$$rtexit$$00000004           0x00000304   Section        6  rtexit2.o(.ARM.Collect$$rtexit$$00000004)
    $v0                                      0x0000030c   Number         0  startup_tm4c123.o(.text)
    .text                                    0x0000030c   Section      276  startup_tm4c123.o(.text)
    .text                                    0x00000420   Section      138  rt_memcpy_v6.o(.text)
    .text                                    0x000004aa   Section       68  rt_memclr.o(.text)
    .text                                    0x000004ee   Section        0  heapauxi.o(.text)
    .text                                    0x000004f4   Section      100  rt_memcpy_w.o(.text)
    .text                                    0x00000558   Section       78  rt_memclr_w.o(.text)
    .text                                    0x000005a6   Section       74  sys_stackheap_outer.o(.text)
    .text                                    0x000005f0   Section        0  exit.o(.text)
    .text                                    0x00000604   Section        8  libspace.o(.text)
    .text                                    0x0000060c   Section        0  sys_exit.o(.text)
    .text                                    0x00000618   Section        2  use_no_semi.o(.text)
    .text                                    0x0000061a   Section        0  indicate_semi.o(.text)
    [Anonymous Symbol]                       0x0000061c   Section        0  dio.o(.text.DIO_WritePin)
    [Anonymous Symbol]                       0x00000644   Section        0  main.o(.text.GPIOB_isrHandler)
    [Anonymous Symbol]                       0x00000760   Section        0  main.o(.text.GPIOD_isrHandler)
    [Anonymous Symbol]                       0x000007b4   Section        0  main.o(.text.GPIOF_Handler)
    [Anonymous Symbol]                       0x000007fc   Section        0  main.o(.text.JammTask)
    [Anonymous Symbol]                       0x0000084c   Section        0  main.o(.text.ManualController)
    [Anonymous Symbol]                       0x000008e4   Section        0  main.o(.text.MotorController)
    [Anonymous Symbol]                       0x0000092c   Section        0  main.o(.text.Motor_Backward)
    [Anonymous Symbol]                       0x00000950   Section        0  main.o(.text.Motor_Forward)
    [Anonymous Symbol]                       0x00000974   Section        0  main.o(.text.Motor_Stop)
    [Anonymous Symbol]                       0x00000998   Section        0  main.o(.text.PassengerTask)
    [Anonymous Symbol]                       0x000009f0   Section        0  port.o(.text.PendSV_Handler)
    pxCurrentTCBConst                        0x00000a50   Number         0  port.o(.text.PendSV_Handler)
    [Anonymous Symbol]                       0x00000a54   Section        0  main.o(.text.PortA_Init)
    [Anonymous Symbol]                       0x00000aa0   Section        0  main.o(.text.PortB_Init)
    [Anonymous Symbol]                       0x00000b20   Section        0  main.o(.text.PortD_Init)
    [Anonymous Symbol]                       0x00000ba0   Section        0  main.o(.text.PortF_Init)
    [Anonymous Symbol]                       0x00000c30   Section        0  port.o(.text.SVC_Handler)
    pxCurrentTCBConst2                       0x00000c50   Number         0  port.o(.text.SVC_Handler)
    [Anonymous Symbol]                       0x00000c54   Section        0  port.o(.text.SysTick_Handler)
    [Anonymous Symbol]                       0x00000c84   Section        0  system_tm4c123.o(.text.SystemInit)
    [Anonymous Symbol]                       0x00000cf4   Section        0  main.o(.text.main)
    [Anonymous Symbol]                       0x00000e08   Section        0  main.o(.text.ports_inits)
    prvAddCurrentTaskToDelayedList           0x00000e21   Thumb Code   190  tasks.o(.text.prvAddCurrentTaskToDelayedList)
    [Anonymous Symbol]                       0x00000e20   Section        0  tasks.o(.text.prvAddCurrentTaskToDelayedList)
    prvAddNewTaskToReadyList                 0x00000ee1   Thumb Code   204  tasks.o(.text.prvAddNewTaskToReadyList)
    [Anonymous Symbol]                       0x00000ee0   Section        0  tasks.o(.text.prvAddNewTaskToReadyList)
    prvCheckForValidListAndQueue             0x00000fad   Thumb Code    94  timers.o(.text.prvCheckForValidListAndQueue)
    [Anonymous Symbol]                       0x00000fac   Section        0  timers.o(.text.prvCheckForValidListAndQueue)
    prvCheckTasksWaitingTermination          0x0000100d   Thumb Code    78  tasks.o(.text.prvCheckTasksWaitingTermination)
    [Anonymous Symbol]                       0x0000100c   Section        0  tasks.o(.text.prvCheckTasksWaitingTermination)
    prvCopyDataFromQueue                     0x0000105d   Thumb Code    34  queue.o(.text.prvCopyDataFromQueue)
    [Anonymous Symbol]                       0x0000105c   Section        0  queue.o(.text.prvCopyDataFromQueue)
    prvCopyDataToQueue                       0x00001081   Thumb Code   122  queue.o(.text.prvCopyDataToQueue)
    [Anonymous Symbol]                       0x00001080   Section        0  queue.o(.text.prvCopyDataToQueue)
    prvDeleteTCB                             0x000010fd   Thumb Code    20  tasks.o(.text.prvDeleteTCB)
    [Anonymous Symbol]                       0x000010fc   Section        0  tasks.o(.text.prvDeleteTCB)
    prvGetDisinheritPriorityAfterTimeout     0x00001111   Thumb Code    18  queue.o(.text.prvGetDisinheritPriorityAfterTimeout)
    [Anonymous Symbol]                       0x00001110   Section        0  queue.o(.text.prvGetDisinheritPriorityAfterTimeout)
    prvGetNextExpireTime                     0x00001125   Thumb Code    32  timers.o(.text.prvGetNextExpireTime)
    [Anonymous Symbol]                       0x00001124   Section        0  timers.o(.text.prvGetNextExpireTime)
    prvIdleTask                              0x00001145   Thumb Code    42  tasks.o(.text.prvIdleTask)
    [Anonymous Symbol]                       0x00001144   Section        0  tasks.o(.text.prvIdleTask)
    prvInitialiseNewQueue                    0x00001171   Thumb Code    30  queue.o(.text.prvInitialiseNewQueue)
    [Anonymous Symbol]                       0x00001170   Section        0  queue.o(.text.prvInitialiseNewQueue)
    prvInitialiseNewTask                     0x00001191   Thumb Code   142  tasks.o(.text.prvInitialiseNewTask)
    [Anonymous Symbol]                       0x00001190   Section        0  tasks.o(.text.prvInitialiseNewTask)
    prvInitialiseTaskLists                   0x00001221   Thumb Code   112  tasks.o(.text.prvInitialiseTaskLists)
    [Anonymous Symbol]                       0x00001220   Section        0  tasks.o(.text.prvInitialiseTaskLists)
    prvInsertTimerInActiveList               0x00001291   Thumb Code    64  timers.o(.text.prvInsertTimerInActiveList)
    [Anonymous Symbol]                       0x00001290   Section        0  timers.o(.text.prvInsertTimerInActiveList)
    prvIsQueueEmpty                          0x000012d1   Thumb Code    24  queue.o(.text.prvIsQueueEmpty)
    [Anonymous Symbol]                       0x000012d0   Section        0  queue.o(.text.prvIsQueueEmpty)
    prvIsQueueFull                           0x000012e9   Thumb Code    28  queue.o(.text.prvIsQueueFull)
    [Anonymous Symbol]                       0x000012e8   Section        0  queue.o(.text.prvIsQueueFull)
    prvNotifyQueueSetContainer               0x00001305   Thumb Code   156  queue.o(.text.prvNotifyQueueSetContainer)
    [Anonymous Symbol]                       0x00001304   Section        0  queue.o(.text.prvNotifyQueueSetContainer)
    prvPortStartFirstTask                    0x000013a1   Thumb Code    40  port.o(.text.prvPortStartFirstTask)
    [Anonymous Symbol]                       0x000013a0   Section        0  port.o(.text.prvPortStartFirstTask)
    prvProcessExpiredTimer                   0x000013c9   Thumb Code    64  timers.o(.text.prvProcessExpiredTimer)
    [Anonymous Symbol]                       0x000013c8   Section        0  timers.o(.text.prvProcessExpiredTimer)
    prvProcessReceivedCommands               0x00001409   Thumb Code   254  timers.o(.text.prvProcessReceivedCommands)
    [Anonymous Symbol]                       0x00001408   Section        0  timers.o(.text.prvProcessReceivedCommands)
    prvProcessTimerOrBlockTask               0x00001509   Thumb Code   128  timers.o(.text.prvProcessTimerOrBlockTask)
    [Anonymous Symbol]                       0x00001508   Section        0  timers.o(.text.prvProcessTimerOrBlockTask)
    prvReloadTimer                           0x00001589   Thumb Code    58  timers.o(.text.prvReloadTimer)
    [Anonymous Symbol]                       0x00001588   Section        0  timers.o(.text.prvReloadTimer)
    prvResetNextTaskUnblockTime              0x000015c5   Thumb Code    38  tasks.o(.text.prvResetNextTaskUnblockTime)
    [Anonymous Symbol]                       0x000015c4   Section        0  tasks.o(.text.prvResetNextTaskUnblockTime)
    prvSampleTimeNow                         0x000015ed   Thumb Code    42  timers.o(.text.prvSampleTimeNow)
    [Anonymous Symbol]                       0x000015ec   Section        0  timers.o(.text.prvSampleTimeNow)
    prvSwitchTimerLists                      0x00001619   Thumb Code    52  timers.o(.text.prvSwitchTimerLists)
    [Anonymous Symbol]                       0x00001618   Section        0  timers.o(.text.prvSwitchTimerLists)
    prvTaskExitError                         0x0000164d   Thumb Code    50  port.o(.text.prvTaskExitError)
    [Anonymous Symbol]                       0x0000164c   Section        0  port.o(.text.prvTaskExitError)
    prvTimerTask                             0x00001681   Thumb Code    22  timers.o(.text.prvTimerTask)
    [Anonymous Symbol]                       0x00001680   Section        0  timers.o(.text.prvTimerTask)
    prvUnlockQueue                           0x00001699   Thumb Code   136  queue.o(.text.prvUnlockQueue)
    [Anonymous Symbol]                       0x00001698   Section        0  queue.o(.text.prvUnlockQueue)
    [Anonymous Symbol]                       0x00001720   Section        0  heap_1.o(.text.pvPortMalloc)
    [Anonymous Symbol]                       0x0000178c   Section        0  tasks.o(.text.pvTaskIncrementMutexHeldCount)
    [Anonymous Symbol]                       0x000017a4   Section        0  port.o(.text.pxPortInitialiseStack)
    [Anonymous Symbol]                       0x000017cc   Section        0  list.o(.text.uxListRemove)
    [Anonymous Symbol]                       0x000017f4   Section        0  tasks.o(.text.uxTaskGetNumberOfTasks)
    [Anonymous Symbol]                       0x00001800   Section        0  list.o(.text.vListInitialise)
    [Anonymous Symbol]                       0x00001818   Section        0  list.o(.text.vListInitialiseItem)
    [Anonymous Symbol]                       0x00001820   Section        0  list.o(.text.vListInsert)
    vPortEnableVFP                           0x0000185d   Thumb Code    20  port.o(.text.vPortEnableVFP)
    [Anonymous Symbol]                       0x0000185c   Section        0  port.o(.text.vPortEnableVFP)
    [Anonymous Symbol]                       0x00001870   Section        0  port.o(.text.vPortEnterCritical)
    [Anonymous Symbol]                       0x000018b8   Section        0  port.o(.text.vPortExitCritical)
    [Anonymous Symbol]                       0x000018e8   Section        0  heap_1.o(.text.vPortFree)
    [Anonymous Symbol]                       0x00001904   Section        0  port.o(.text.vPortSetupTimerInterrupt)
    [Anonymous Symbol]                       0x00001938   Section        0  port.o(.text.vPortValidateInterruptPriority)
    [Anonymous Symbol]                       0x0000199c   Section        0  queue.o(.text.vQueueWaitForMessageRestricted)
    [Anonymous Symbol]                       0x000019e4   Section        0  tasks.o(.text.vTaskDelay)
    [Anonymous Symbol]                       0x00001a38   Section        0  tasks.o(.text.vTaskInternalSetTimeOutState)
    [Anonymous Symbol]                       0x00001a54   Section        0  tasks.o(.text.vTaskMissedYield)
    [Anonymous Symbol]                       0x00001a64   Section        0  tasks.o(.text.vTaskPlaceOnEventList)
    [Anonymous Symbol]                       0x00001a9c   Section        0  tasks.o(.text.vTaskPlaceOnEventListRestricted)
    [Anonymous Symbol]                       0x00001b10   Section        0  tasks.o(.text.vTaskPriorityDisinheritAfterTimeout)
    [Anonymous Symbol]                       0x00001be0   Section        0  tasks.o(.text.vTaskStartScheduler)
    [Anonymous Symbol]                       0x00001c7c   Section        0  tasks.o(.text.vTaskSuspendAll)
    __tagsym$$used.0                         0x00001c8c   Number         0  tasks.o(.text.vTaskSwitchContext)
    [Anonymous Symbol]                       0x00001c8c   Section        0  tasks.o(.text.vTaskSwitchContext)
    [Anonymous Symbol]                       0x00001d14   Section        0  port.o(.text.xPortStartScheduler)
    [Anonymous Symbol]                       0x00001e30   Section        0  queue.o(.text.xQueueGenericCreate)
    [Anonymous Symbol]                       0x00001e7c   Section        0  queue.o(.text.xQueueGenericReset)
    [Anonymous Symbol]                       0x00001f1c   Section        0  queue.o(.text.xQueueGenericSend)
    [Anonymous Symbol]                       0x000020ec   Section        0  queue.o(.text.xQueueGenericSendFromISR)
    [Anonymous Symbol]                       0x0000221c   Section        0  queue.o(.text.xQueueGiveFromISR)
    [Anonymous Symbol]                       0x0000233c   Section        0  queue.o(.text.xQueueReceive)
    [Anonymous Symbol]                       0x000024b0   Section        0  queue.o(.text.xQueueSemaphoreTake)
    [Anonymous Symbol]                       0x00002644   Section        0  tasks.o(.text.xTaskCheckForTimeOut)
    [Anonymous Symbol]                       0x000026d0   Section        0  tasks.o(.text.xTaskCreate)
    [Anonymous Symbol]                       0x00002730   Section        0  tasks.o(.text.xTaskGetSchedulerState)
    [Anonymous Symbol]                       0x00002758   Section        0  tasks.o(.text.xTaskGetTickCount)
    [Anonymous Symbol]                       0x00002764   Section        0  tasks.o(.text.xTaskIncrementTick)
    [Anonymous Symbol]                       0x00002914   Section        0  tasks.o(.text.xTaskPriorityDisinherit)
    [Anonymous Symbol]                       0x000029d8   Section        0  tasks.o(.text.xTaskPriorityInherit)
    [Anonymous Symbol]                       0x00002a98   Section        0  tasks.o(.text.xTaskRemoveFromEventList)
    [Anonymous Symbol]                       0x00002b90   Section        0  tasks.o(.text.xTaskResumeAll)
    [Anonymous Symbol]                       0x00002cfc   Section        0  timers.o(.text.xTimerCreateTimerTask)
    $v0                                      0x00002d58   Number         0  fpinit.o(x$fpl$fpinit)
    x$fpl$fpinit                             0x00002d58   Section       26  fpinit.o(x$fpl$fpinit)
    uxCriticalNesting                        0x20000004   Data           4  port.o(.data.uxCriticalNesting)
    [Anonymous Symbol]                       0x20000004   Section        0  port.o(.data.uxCriticalNesting)
    .bss                                     0x20000008   Section       96  libspace.o(.bss)
    prvSampleTimeNow.xLastTime               0x2000006c   Data           4  timers.o(.bss.prvSampleTimeNow.xLastTime)
    [Anonymous Symbol]                       0x2000006c   Section        0  timers.o(.bss.prvSampleTimeNow.xLastTime)
    pvPortMalloc.pucAlignedHeap              0x20000070   Data           4  heap_1.o(.bss.pvPortMalloc.pucAlignedHeap)
    [Anonymous Symbol]                       0x20000070   Section        0  heap_1.o(.bss.pvPortMalloc.pucAlignedHeap)
    __tagsym$$used.1                         0x20000074   Number         0  tasks.o(.bss.pxCurrentTCB)
    pxCurrentTimerList                       0x20000078   Data           4  timers.o(.bss.pxCurrentTimerList)
    [Anonymous Symbol]                       0x20000078   Section        0  timers.o(.bss.pxCurrentTimerList)
    pxDelayedTaskList                        0x2000007c   Data           4  tasks.o(.bss.pxDelayedTaskList)
    [Anonymous Symbol]                       0x2000007c   Section        0  tasks.o(.bss.pxDelayedTaskList)
    pxOverflowDelayedTaskList                0x20000080   Data           4  tasks.o(.bss.pxOverflowDelayedTaskList)
    [Anonymous Symbol]                       0x20000080   Section        0  tasks.o(.bss.pxOverflowDelayedTaskList)
    pxOverflowTimerList                      0x20000084   Data           4  timers.o(.bss.pxOverflowTimerList)
    [Anonymous Symbol]                       0x20000084   Section        0  timers.o(.bss.pxOverflowTimerList)
    pxReadyTasksLists                        0x20000088   Data         300  tasks.o(.bss.pxReadyTasksLists)
    [Anonymous Symbol]                       0x20000088   Section        0  tasks.o(.bss.pxReadyTasksLists)
    ucHeap                                   0x200001b8   Data        8192  heap_1.o(.bss.ucHeap)
    [Anonymous Symbol]                       0x200001b8   Section        0  heap_1.o(.bss.ucHeap)
    ucMaxSysCallPriority                     0x200021b8   Data           1  port.o(.bss.ucMaxSysCallPriority)
    [Anonymous Symbol]                       0x200021b8   Section        0  port.o(.bss.ucMaxSysCallPriority)
    ulMaxPRIGROUPValue                       0x200021bc   Data           4  port.o(.bss.ulMaxPRIGROUPValue)
    [Anonymous Symbol]                       0x200021bc   Section        0  port.o(.bss.ulMaxPRIGROUPValue)
    uxCurrentNumberOfTasks                   0x200021c0   Data           4  tasks.o(.bss.uxCurrentNumberOfTasks)
    [Anonymous Symbol]                       0x200021c0   Section        0  tasks.o(.bss.uxCurrentNumberOfTasks)
    uxDeletedTasksWaitingCleanUp             0x200021c4   Data           4  tasks.o(.bss.uxDeletedTasksWaitingCleanUp)
    [Anonymous Symbol]                       0x200021c4   Section        0  tasks.o(.bss.uxDeletedTasksWaitingCleanUp)
    uxSchedulerSuspended                     0x200021c8   Data           4  tasks.o(.bss.uxSchedulerSuspended)
    [Anonymous Symbol]                       0x200021c8   Section        0  tasks.o(.bss.uxSchedulerSuspended)
    uxTaskNumber                             0x200021cc   Data           4  tasks.o(.bss.uxTaskNumber)
    [Anonymous Symbol]                       0x200021cc   Section        0  tasks.o(.bss.uxTaskNumber)
    uxTopReadyPriority                       0x200021d0   Data           4  tasks.o(.bss.uxTopReadyPriority)
    [Anonymous Symbol]                       0x200021d0   Section        0  tasks.o(.bss.uxTopReadyPriority)
    xActiveTimerList1                        0x200021d4   Data          20  timers.o(.bss.xActiveTimerList1)
    [Anonymous Symbol]                       0x200021d4   Section        0  timers.o(.bss.xActiveTimerList1)
    xActiveTimerList2                        0x200021e8   Data          20  timers.o(.bss.xActiveTimerList2)
    [Anonymous Symbol]                       0x200021e8   Section        0  timers.o(.bss.xActiveTimerList2)
    xDelayedTaskList1                        0x200021fc   Data          20  tasks.o(.bss.xDelayedTaskList1)
    [Anonymous Symbol]                       0x200021fc   Section        0  tasks.o(.bss.xDelayedTaskList1)
    xDelayedTaskList2                        0x20002210   Data          20  tasks.o(.bss.xDelayedTaskList2)
    [Anonymous Symbol]                       0x20002210   Section        0  tasks.o(.bss.xDelayedTaskList2)
    xIdleTaskHandle                          0x20002224   Data           4  tasks.o(.bss.xIdleTaskHandle)
    [Anonymous Symbol]                       0x20002224   Section        0  tasks.o(.bss.xIdleTaskHandle)
    xNextFreeByte                            0x20002230   Data           4  heap_1.o(.bss.xNextFreeByte)
    [Anonymous Symbol]                       0x20002230   Section        0  heap_1.o(.bss.xNextFreeByte)
    xNextTaskUnblockTime                     0x20002234   Data           4  tasks.o(.bss.xNextTaskUnblockTime)
    [Anonymous Symbol]                       0x20002234   Section        0  tasks.o(.bss.xNextTaskUnblockTime)
    xNumOfOverflows                          0x20002238   Data           4  tasks.o(.bss.xNumOfOverflows)
    [Anonymous Symbol]                       0x20002238   Section        0  tasks.o(.bss.xNumOfOverflows)
    xPendedTicks                             0x20002240   Data           4  tasks.o(.bss.xPendedTicks)
    [Anonymous Symbol]                       0x20002240   Section        0  tasks.o(.bss.xPendedTicks)
    xPendingReadyList                        0x20002244   Data          20  tasks.o(.bss.xPendingReadyList)
    [Anonymous Symbol]                       0x20002244   Section        0  tasks.o(.bss.xPendingReadyList)
    xSchedulerRunning                        0x20002258   Data           4  tasks.o(.bss.xSchedulerRunning)
    [Anonymous Symbol]                       0x20002258   Section        0  tasks.o(.bss.xSchedulerRunning)
    xSuspendedTaskList                       0x2000225c   Data          20  tasks.o(.bss.xSuspendedTaskList)
    [Anonymous Symbol]                       0x2000225c   Section        0  tasks.o(.bss.xSuspendedTaskList)
    xTasksWaitingTermination                 0x20002270   Data          20  tasks.o(.bss.xTasksWaitingTermination)
    [Anonymous Symbol]                       0x20002270   Section        0  tasks.o(.bss.xTasksWaitingTermination)
    xTickCount                               0x20002284   Data           4  tasks.o(.bss.xTickCount)
    [Anonymous Symbol]                       0x20002284   Section        0  tasks.o(.bss.xTickCount)
    xTimerQueue                              0x20002288   Data           4  timers.o(.bss.xTimerQueue)
    [Anonymous Symbol]                       0x20002288   Section        0  timers.o(.bss.xTimerQueue)
    xTimerTaskHandle                         0x2000228c   Data           4  timers.o(.bss.xTimerTaskHandle)
    [Anonymous Symbol]                       0x2000228c   Section        0  timers.o(.bss.xTimerTaskHandle)
    xYieldPending                            0x20002294   Data           4  tasks.o(.bss.xYieldPending)
    [Anonymous Symbol]                       0x20002294   Section        0  tasks.o(.bss.xYieldPending)
    Heap_Mem                                 0x20002298   Data           0  startup_tm4c123.o(HEAP)
    Stack_Mem                                0x20002298   Data         512  startup_tm4c123.o(STACK)
    HEAP                                     0x20002298   Section        0  startup_tm4c123.o(HEAP)
    STACK                                    0x20002298   Section      512  startup_tm4c123.o(STACK)
    __initial_sp                             0x20002498   Data           0  startup_tm4c123.o(STACK)

    Global Symbols

    Symbol Name                              Value     Ov Type        Size  Object(Section)

    BuildAttributes$$THM_ISAv4$E$P$D$K$B$S$7EM$VFPi3$EXTD16$VFPS$VFMA$PE$A:L22UL41UL21$X:L11$S22US41US21$IEEE1$IW$~IW$USESV6$~STKCKD$USESV7$~SHL$OTIME$ROPI$EBA8$UX$STANDARDLIB$REQ8$PRES8$EABIv2 0x00000000   Number         0  anon$$obj.o ABSOLUTE
    __Vectors                                0x00000000   Data           4  startup_tm4c123.o(RESET)
    __ARM_exceptions_init                     - Undefined Weak Reference
    __alloca_initialize                       - Undefined Weak Reference
    __arm_preinit_                            - Undefined Weak Reference
    __cpp_initialize__aeabi_                  - Undefined Weak Reference
    __cxa_finalize                            - Undefined Weak Reference
    __rt_locale                               - Undefined Weak Reference
    __sigvec_lookup                           - Undefined Weak Reference
    _atexit_init                              - Undefined Weak Reference
    _call_atexit_fns                          - Undefined Weak Reference
    _clock_init                               - Undefined Weak Reference
    _fp_trap_init                             - Undefined Weak Reference
    _fp_trap_shutdown                         - Undefined Weak Reference
    _get_lc_collate                           - Undefined Weak Reference
    _get_lc_ctype                             - Undefined Weak Reference
    _get_lc_monetary                          - Undefined Weak Reference
    _get_lc_numeric                           - Undefined Weak Reference
    _get_lc_time                              - Undefined Weak Reference
    _getenv_init                              - Undefined Weak Reference
    _handle_redirection                       - Undefined Weak Reference
    _init_alloc                               - Undefined Weak Reference
    _init_user_alloc                          - Undefined Weak Reference
    _initio                                   - Undefined Weak Reference
    _rand_init                                - Undefined Weak Reference
    _signal_finish                            - Undefined Weak Reference
    _signal_init                              - Undefined Weak Reference
    _terminate_alloc                          - Undefined Weak Reference
    _terminate_user_alloc                     - Undefined Weak Reference
    _terminateio                              - Undefined Weak Reference
    __Vectors_End                            0x0000026c   Data           0  startup_tm4c123.o(RESET)
    __Vectors_Size                           0x0000026c   Number         0  startup_tm4c123.o ABSOLUTE
    __main                                   0x0000026d   Thumb Code     8  __main.o(!!!main)
    __scatterload                            0x00000275   Thumb Code     0  __scatter.o(!!!scatter)
    __scatterload_rt2                        0x00000275   Thumb Code    44  __scatter.o(!!!scatter)
    __scatterload_rt2_thumb_only             0x00000275   Thumb Code     0  __scatter.o(!!!scatter)
    __scatterload_null                       0x00000283   Thumb Code     0  __scatter.o(!!!scatter)
    __scatterload_copy                       0x000002a9   Thumb Code    26  __scatter_copy.o(!!handler_copy)
    __scatterload_zeroinit                   0x000002c5   Thumb Code    28  __scatter_zi.o(!!handler_zi)
    __rt_lib_init                            0x000002e1   Thumb Code     0  libinit.o(.ARM.Collect$$libinit$$00000000)
    __rt_lib_init_fp_1                       0x000002e3   Thumb Code     0  libinit2.o(.ARM.Collect$$libinit$$00000001)
    __rt_lib_init_alloca_1                   0x000002e7   Thumb Code     0  libinit2.o(.ARM.Collect$$libinit$$0000002E)
    __rt_lib_init_argv_1                     0x000002e7   Thumb Code     0  libinit2.o(.ARM.Collect$$libinit$$0000002C)
    __rt_lib_init_atexit_1                   0x000002e7   Thumb Code     0  libinit2.o(.ARM.Collect$$libinit$$0000001B)
    __rt_lib_init_clock_1                    0x000002e7   Thumb Code     0  libinit2.o(.ARM.Collect$$libinit$$00000021)
    __rt_lib_init_cpp_1                      0x000002e7   Thumb Code     0  libinit2.o(.ARM.Collect$$libinit$$00000032)
    __rt_lib_init_exceptions_1               0x000002e7   Thumb Code     0  libinit2.o(.ARM.Collect$$libinit$$00000030)
    __rt_lib_init_fp_trap_1                  0x000002e7   Thumb Code     0  libinit2.o(.ARM.Collect$$libinit$$0000001F)
    __rt_lib_init_getenv_1                   0x000002e7   Thumb Code     0  libinit2.o(.ARM.Collect$$libinit$$00000023)
    __rt_lib_init_heap_1                     0x000002e7   Thumb Code     0  libinit2.o(.ARM.Collect$$libinit$$0000000A)
    __rt_lib_init_lc_collate_1               0x000002e7   Thumb Code     0  libinit2.o(.ARM.Collect$$libinit$$00000011)
    __rt_lib_init_lc_ctype_1                 0x000002e7   Thumb Code     0  libinit2.o(.ARM.Collect$$libinit$$00000013)
    __rt_lib_init_lc_monetary_1              0x000002e7   Thumb Code     0  libinit2.o(.ARM.Collect$$libinit$$00000015)
    __rt_lib_init_lc_numeric_1               0x000002e7   Thumb Code     0  libinit2.o(.ARM.Collect$$libinit$$00000017)
    __rt_lib_init_lc_time_1                  0x000002e7   Thumb Code     0  libinit2.o(.ARM.Collect$$libinit$$00000019)
    __rt_lib_init_preinit_1                  0x000002e7   Thumb Code     0  libinit2.o(.ARM.Collect$$libinit$$00000004)
    __rt_lib_init_rand_1                     0x000002e7   Thumb Code     0  libinit2.o(.ARM.Collect$$libinit$$0000000E)
    __rt_lib_init_return                     0x000002e7   Thumb Code     0  libinit2.o(.ARM.Collect$$libinit$$00000033)
    __rt_lib_init_signal_1                   0x000002e7   Thumb Code     0  libinit2.o(.ARM.Collect$$libinit$$0000001D)
    __rt_lib_init_stdio_1                    0x000002e7   Thumb Code     0  libinit2.o(.ARM.Collect$$libinit$$00000025)
    __rt_lib_init_user_alloc_1               0x000002e7   Thumb Code     0  libinit2.o(.ARM.Collect$$libinit$$0000000C)
    __rt_lib_shutdown                        0x000002e9   Thumb Code     0  libshutdown.o(.ARM.Collect$$libshutdown$$00000000)
    __rt_lib_shutdown_cpp_1                  0x000002eb   Thumb Code     0  libshutdown2.o(.ARM.Collect$$libshutdown$$00000002)
    __rt_lib_shutdown_fp_trap_1              0x000002eb   Thumb Code     0  libshutdown2.o(.ARM.Collect$$libshutdown$$00000007)
    __rt_lib_shutdown_heap_1                 0x000002eb   Thumb Code     0  libshutdown2.o(.ARM.Collect$$libshutdown$$0000000F)
    __rt_lib_shutdown_return                 0x000002eb   Thumb Code     0  libshutdown2.o(.ARM.Collect$$libshutdown$$00000010)
    __rt_lib_shutdown_signal_1               0x000002eb   Thumb Code     0  libshutdown2.o(.ARM.Collect$$libshutdown$$0000000A)
    __rt_lib_shutdown_stdio_1                0x000002eb   Thumb Code     0  libshutdown2.o(.ARM.Collect$$libshutdown$$00000004)
    __rt_lib_shutdown_user_alloc_1           0x000002eb   Thumb Code     0  libshutdown2.o(.ARM.Collect$$libshutdown$$0000000C)
    __rt_entry                               0x000002ed   Thumb Code     0  __rtentry.o(.ARM.Collect$$rtentry$$00000000)
    __rt_entry_presh_1                       0x000002ed   Thumb Code     0  __rtentry2.o(.ARM.Collect$$rtentry$$00000002)
    __rt_entry_sh                            0x000002ed   Thumb Code     0  __rtentry4.o(.ARM.Collect$$rtentry$$00000004)
    __rt_entry_li                            0x000002f3   Thumb Code     0  __rtentry2.o(.ARM.Collect$$rtentry$$0000000A)
    __rt_entry_postsh_1                      0x000002f3   Thumb Code     0  __rtentry2.o(.ARM.Collect$$rtentry$$00000009)
    __rt_entry_main                          0x000002f7   Thumb Code     0  __rtentry2.o(.ARM.Collect$$rtentry$$0000000D)
    __rt_entry_postli_1                      0x000002f7   Thumb Code     0  __rtentry2.o(.ARM.Collect$$rtentry$$0000000C)
    __rt_exit                                0x000002ff   Thumb Code     0  rtexit.o(.ARM.Collect$$rtexit$$00000000)
    __rt_exit_ls                             0x00000301   Thumb Code     0  rtexit2.o(.ARM.Collect$$rtexit$$00000003)
    __rt_exit_prels_1                        0x00000301   Thumb Code     0  rtexit2.o(.ARM.Collect$$rtexit$$00000002)
    __rt_exit_exit                           0x00000305   Thumb Code     0  rtexit2.o(.ARM.Collect$$rtexit$$00000004)
    Reset_Handler                            0x0000030d   Thumb Code     8  startup_tm4c123.o(.text)
    NMI_Handler                              0x00000315   Thumb Code     2  startup_tm4c123.o(.text)
    HardFault_Handler                        0x00000317   Thumb Code     2  startup_tm4c123.o(.text)
    MemManage_Handler                        0x00000319   Thumb Code     2  startup_tm4c123.o(.text)
    BusFault_Handler                         0x0000031b   Thumb Code     2  startup_tm4c123.o(.text)
    UsageFault_Handler                       0x0000031d   Thumb Code     2  startup_tm4c123.o(.text)
    DebugMon_Handler                         0x00000321   Thumb Code     2  startup_tm4c123.o(.text)
    GPIOA_Handler                            0x00000327   Thumb Code     2  startup_tm4c123.o(.text)
    GPIOC_Handler                            0x0000032b   Thumb Code     2  startup_tm4c123.o(.text)
    GPIOE_Handler                            0x0000032f   Thumb Code     2  startup_tm4c123.o(.text)
    UART0_Handler                            0x00000331   Thumb Code     2  startup_tm4c123.o(.text)
    UART1_Handler                            0x00000333   Thumb Code     2  startup_tm4c123.o(.text)
    SSI0_Handler                             0x00000335   Thumb Code     2  startup_tm4c123.o(.text)
    I2C0_Handler                             0x00000337   Thumb Code     2  startup_tm4c123.o(.text)
    PMW0_FAULT_Handler                       0x00000339   Thumb Code     2  startup_tm4c123.o(.text)
    PWM0_0_Handler                           0x0000033b   Thumb Code     2  startup_tm4c123.o(.text)
    PWM0_1_Handler                           0x0000033d   Thumb Code     2  startup_tm4c123.o(.text)
    PWM0_2_Handler                           0x0000033f   Thumb Code     2  startup_tm4c123.o(.text)
    QEI0_Handler                             0x00000341   Thumb Code     2  startup_tm4c123.o(.text)
    ADC0SS0_Handler                          0x00000343   Thumb Code     2  startup_tm4c123.o(.text)
    ADC0SS1_Handler                          0x00000345   Thumb Code     2  startup_tm4c123.o(.text)
    ADC0SS2_Handler                          0x00000347   Thumb Code     2  startup_tm4c123.o(.text)
    ADC0SS3_Handler                          0x00000349   Thumb Code     2  startup_tm4c123.o(.text)
    WDT0_Handler                             0x0000034b   Thumb Code     2  startup_tm4c123.o(.text)
    TIMER0A_Handler                          0x0000034d   Thumb Code     2  startup_tm4c123.o(.text)
    TIMER0B_Handler                          0x0000034f   Thumb Code     2  startup_tm4c123.o(.text)
    TIMER1A_Handler                          0x00000351   Thumb Code     2  startup_tm4c123.o(.text)
    TIMER1B_Handler                          0x00000353   Thumb Code     2  startup_tm4c123.o(.text)
    TIMER2A_Handler                          0x00000355   Thumb Code     2  startup_tm4c123.o(.text)
    TIMER2B_Handler                          0x00000357   Thumb Code     2  startup_tm4c123.o(.text)
    COMP0_Handler                            0x00000359   Thumb Code     2  startup_tm4c123.o(.text)
    COMP1_Handler                            0x0000035b   Thumb Code     2  startup_tm4c123.o(.text)
    COMP2_Handler                            0x0000035d   Thumb Code     2  startup_tm4c123.o(.text)
    SYSCTL_Handler                           0x0000035f   Thumb Code     2  startup_tm4c123.o(.text)
    FLASH_Handler                            0x00000361   Thumb Code     2  startup_tm4c123.o(.text)
    GPIOG_Handler                            0x00000365   Thumb Code     2  startup_tm4c123.o(.text)
    GPIOH_Handler                            0x00000367   Thumb Code     2  startup_tm4c123.o(.text)
    UART2_Handler                            0x00000369   Thumb Code     2  startup_tm4c123.o(.text)
    SSI1_Handler                             0x0000036b   Thumb Code     2  startup_tm4c123.o(.text)
    TIMER3A_Handler                          0x0000036d   Thumb Code     2  startup_tm4c123.o(.text)
    TIMER3B_Handler                          0x0000036f   Thumb Code     2  startup_tm4c123.o(.text)
    I2C1_Handler                             0x00000371   Thumb Code     2  startup_tm4c123.o(.text)
    QEI1_Handler                             0x00000373   Thumb Code     2  startup_tm4c123.o(.text)
    CAN0_Handler                             0x00000375   Thumb Code     2  startup_tm4c123.o(.text)
    CAN1_Handler                             0x00000377   Thumb Code     2  startup_tm4c123.o(.text)
    CAN2_Handler                             0x00000379   Thumb Code     2  startup_tm4c123.o(.text)
    HIB_Handler                              0x0000037b   Thumb Code     2  startup_tm4c123.o(.text)
    USB0_Handler                             0x0000037d   Thumb Code     2  startup_tm4c123.o(.text)
    PWM0_3_Handler                           0x0000037f   Thumb Code     2  startup_tm4c123.o(.text)
    UDMA_Handler                             0x00000381   Thumb Code     2  startup_tm4c123.o(.text)
    UDMAERR_Handler                          0x00000383   Thumb Code     2  startup_tm4c123.o(.text)
    ADC1SS0_Handler                          0x00000385   Thumb Code     2  startup_tm4c123.o(.text)
    ADC1SS1_Handler                          0x00000387   Thumb Code     2  startup_tm4c123.o(.text)
    ADC1SS2_Handler                          0x00000389   Thumb Code     2  startup_tm4c123.o(.text)
    ADC1SS3_Handler                          0x0000038b   Thumb Code     2  startup_tm4c123.o(.text)
    GPIOJ_Handler                            0x0000038d   Thumb Code     2  startup_tm4c123.o(.text)
    GPIOK_Handler                            0x0000038f   Thumb Code     2  startup_tm4c123.o(.text)
    GPIOL_Handler                            0x00000391   Thumb Code     2  startup_tm4c123.o(.text)
    SSI2_Handler                             0x00000393   Thumb Code     2  startup_tm4c123.o(.text)
    SSI3_Handler                             0x00000395   Thumb Code     2  startup_tm4c123.o(.text)
    UART3_Handler                            0x00000397   Thumb Code     2  startup_tm4c123.o(.text)
    UART4_Handler                            0x00000399   Thumb Code     2  startup_tm4c123.o(.text)
    UART5_Handler                            0x0000039b   Thumb Code     2  startup_tm4c123.o(.text)
    UART6_Handler                            0x0000039d   Thumb Code     2  startup_tm4c123.o(.text)
    UART7_Handler                            0x0000039f   Thumb Code     2  startup_tm4c123.o(.text)
    I2C2_Handler                             0x000003a1   Thumb Code     2  startup_tm4c123.o(.text)
    I2C3_Handler                             0x000003a3   Thumb Code     2  startup_tm4c123.o(.text)
    TIMER4A_Handler                          0x000003a5   Thumb Code     2  startup_tm4c123.o(.text)
    TIMER4B_Handler                          0x000003a7   Thumb Code     2  startup_tm4c123.o(.text)
    TIMER5A_Handler                          0x000003a9   Thumb Code     2  startup_tm4c123.o(.text)
    TIMER5B_Handler                          0x000003ab   Thumb Code     2  startup_tm4c123.o(.text)
    WTIMER0A_Handler                         0x000003ad   Thumb Code     2  startup_tm4c123.o(.text)
    WTIMER0B_Handler                         0x000003af   Thumb Code     2  startup_tm4c123.o(.text)
    WTIMER1A_Handler                         0x000003b1   Thumb Code     2  startup_tm4c123.o(.text)
    WTIMER1B_Handler                         0x000003b3   Thumb Code     2  startup_tm4c123.o(.text)
    WTIMER2A_Handler                         0x000003b5   Thumb Code     2  startup_tm4c123.o(.text)
    WTIMER2B_Handler                         0x000003b7   Thumb Code     2  startup_tm4c123.o(.text)
    WTIMER3A_Handler                         0x000003b9   Thumb Code     2  startup_tm4c123.o(.text)
    WTIMER3B_Handler                         0x000003bb   Thumb Code     2  startup_tm4c123.o(.text)
    WTIMER4A_Handler                         0x000003bd   Thumb Code     2  startup_tm4c123.o(.text)
    WTIMER4B_Handler                         0x000003bf   Thumb Code     2  startup_tm4c123.o(.text)
    WTIMER5A_Handler                         0x000003c1   Thumb Code     2  startup_tm4c123.o(.text)
    WTIMER5B_Handler                         0x000003c3   Thumb Code     2  startup_tm4c123.o(.text)
    FPU_Handler                              0x000003c5   Thumb Code     2  startup_tm4c123.o(.text)
    I2C4_Handler                             0x000003c7   Thumb Code     2  startup_tm4c123.o(.text)
    I2C5_Handler                             0x000003c9   Thumb Code     2  startup_tm4c123.o(.text)
    GPIOM_Handler                            0x000003cb   Thumb Code     2  startup_tm4c123.o(.text)
    GPION_Handler                            0x000003cd   Thumb Code     2  startup_tm4c123.o(.text)
    QEI2_Handler                             0x000003cf   Thumb Code     2  startup_tm4c123.o(.text)
    GPIOP0_Handler                           0x000003d1   Thumb Code     2  startup_tm4c123.o(.text)
    GPIOP1_Handler                           0x000003d3   Thumb Code     2  startup_tm4c123.o(.text)
    GPIOP2_Handler                           0x000003d5   Thumb Code     2  startup_tm4c123.o(.text)
    GPIOP3_Handler                           0x000003d7   Thumb Code     2  startup_tm4c123.o(.text)
    GPIOP4_Handler                           0x000003d9   Thumb Code     2  startup_tm4c123.o(.text)
    GPIOP5_Handler                           0x000003db   Thumb Code     2  startup_tm4c123.o(.text)
    GPIOP6_Handler                           0x000003dd   Thumb Code     2  startup_tm4c123.o(.text)
    GPIOP7_Handler                           0x000003df   Thumb Code     2  startup_tm4c123.o(.text)
    GPIOQ0_Handler                           0x000003e1   Thumb Code     2  startup_tm4c123.o(.text)
    GPIOQ1_Handler                           0x000003e3   Thumb Code     2  startup_tm4c123.o(.text)
    GPIOQ2_Handler                           0x000003e5   Thumb Code     2  startup_tm4c123.o(.text)
    GPIOQ3_Handler                           0x000003e7   Thumb Code     2  startup_tm4c123.o(.text)
    GPIOQ4_Handler                           0x000003e9   Thumb Code     2  startup_tm4c123.o(.text)
    GPIOQ5_Handler                           0x000003eb   Thumb Code     2  startup_tm4c123.o(.text)
    GPIOQ6_Handler                           0x000003ed   Thumb Code     2  startup_tm4c123.o(.text)
    GPIOQ7_Handler                           0x000003ef   Thumb Code     2  startup_tm4c123.o(.text)
    GPIOR_Handler                            0x000003f1   Thumb Code     2  startup_tm4c123.o(.text)
    GPIOS_Handler                            0x000003f3   Thumb Code     2  startup_tm4c123.o(.text)
    PMW1_0_Handler                           0x000003f5   Thumb Code     2  startup_tm4c123.o(.text)
    PWM1_1_Handler                           0x000003f7   Thumb Code     2  startup_tm4c123.o(.text)
    PWM1_2_Handler                           0x000003f9   Thumb Code     2  startup_tm4c123.o(.text)
    PWM1_3_Handler                           0x000003fb   Thumb Code     2  startup_tm4c123.o(.text)
    PWM1_FAULT_Handler                       0x000003fd   Thumb Code     2  startup_tm4c123.o(.text)
    __user_initial_stackheap                 0x00000401   Thumb Code     0  startup_tm4c123.o(.text)
    __aeabi_memcpy                           0x00000421   Thumb Code     0  rt_memcpy_v6.o(.text)
    __rt_memcpy                              0x00000421   Thumb Code   138  rt_memcpy_v6.o(.text)
    _memcpy_lastbytes                        0x00000487   Thumb Code     0  rt_memcpy_v6.o(.text)
    __aeabi_memclr                           0x000004ab   Thumb Code     0  rt_memclr.o(.text)
    __rt_memclr                              0x000004ab   Thumb Code    68  rt_memclr.o(.text)
    _memset                                  0x000004af   Thumb Code     0  rt_memclr.o(.text)
    __use_two_region_memory                  0x000004ef   Thumb Code     2  heapauxi.o(.text)
    __rt_heap_escrow$2region                 0x000004f1   Thumb Code     2  heapauxi.o(.text)
    __rt_heap_expand$2region                 0x000004f3   Thumb Code     2  heapauxi.o(.text)
    __aeabi_memcpy4                          0x000004f5   Thumb Code     0  rt_memcpy_w.o(.text)
    __aeabi_memcpy8                          0x000004f5   Thumb Code     0  rt_memcpy_w.o(.text)
    __rt_memcpy_w                            0x000004f5   Thumb Code   100  rt_memcpy_w.o(.text)
    _memcpy_lastbytes_aligned                0x0000053d   Thumb Code     0  rt_memcpy_w.o(.text)
    __aeabi_memclr4                          0x00000559   Thumb Code     0  rt_memclr_w.o(.text)
    __aeabi_memclr8                          0x00000559   Thumb Code     0  rt_memclr_w.o(.text)
    __rt_memclr_w                            0x00000559   Thumb Code    78  rt_memclr_w.o(.text)
    _memset_w                                0x0000055d   Thumb Code     0  rt_memclr_w.o(.text)
    __user_setup_stackheap                   0x000005a7   Thumb Code    74  sys_stackheap_outer.o(.text)
    exit                                     0x000005f1   Thumb Code    18  exit.o(.text)
    __user_libspace                          0x00000605   Thumb Code     8  libspace.o(.text)
    __user_perproc_libspace                  0x00000605   Thumb Code     0  libspace.o(.text)
    __user_perthread_libspace                0x00000605   Thumb Code     0  libspace.o(.text)
    _sys_exit                                0x0000060d   Thumb Code     8  sys_exit.o(.text)
    __I$use$semihosting                      0x00000619   Thumb Code     0  use_no_semi.o(.text)
    __use_no_semihosting_swi                 0x00000619   Thumb Code     2  use_no_semi.o(.text)
    __semihosting_library_function           0x0000061b   Thumb Code     0  indicate_semi.o(.text)
    DIO_WritePin                             0x0000061d   Thumb Code    40  dio.o(.text.DIO_WritePin)
    GPIOB_isrHandler                         0x00000645   Thumb Code   282  main.o(.text.GPIOB_isrHandler)
    GPIOD_isrHandler                         0x00000761   Thumb Code    84  main.o(.text.GPIOD_isrHandler)
    GPIOF_Handler                            0x000007b5   Thumb Code    72  main.o(.text.GPIOF_Handler)
    JammTask                                 0x000007fd   Thumb Code    78  main.o(.text.JammTask)
    ManualController                         0x0000084d   Thumb Code   152  main.o(.text.ManualController)
    MotorController                          0x000008e5   Thumb Code    70  main.o(.text.MotorController)
    Motor_Backward                           0x0000092d   Thumb Code    34  main.o(.text.Motor_Backward)
    Motor_Forward                            0x00000951   Thumb Code    34  main.o(.text.Motor_Forward)
    Motor_Stop                               0x00000975   Thumb Code    34  main.o(.text.Motor_Stop)
    PassengerTask                            0x00000999   Thumb Code    82  main.o(.text.PassengerTask)
    PendSV_Handler                           0x000009f1   Thumb Code   100  port.o(.text.PendSV_Handler)
    PortA_Init                               0x00000a55   Thumb Code    76  main.o(.text.PortA_Init)
    PortB_Init                               0x00000aa1   Thumb Code   126  main.o(.text.PortB_Init)
    PortD_Init                               0x00000b21   Thumb Code   126  main.o(.text.PortD_Init)
    PortF_Init                               0x00000ba1   Thumb Code   130  main.o(.text.PortF_Init)
    SVC_Handler                              0x00000c31   Thumb Code    36  port.o(.text.SVC_Handler)
    SysTick_Handler                          0x00000c55   Thumb Code    46  port.o(.text.SysTick_Handler)
    SystemInit                               0x00000c85   Thumb Code   112  system_tm4c123.o(.text.SystemInit)
    main                                     0x00000cf5   Thumb Code   276  main.o(.text.main)
    ports_inits                              0x00000e09   Thumb Code    22  main.o(.text.ports_inits)
    pvPortMalloc                             0x00001721   Thumb Code   106  heap_1.o(.text.pvPortMalloc)
    pvTaskIncrementMutexHeldCount            0x0000178d   Thumb Code    24  tasks.o(.text.pvTaskIncrementMutexHeldCount)
    pxPortInitialiseStack                    0x000017a5   Thumb Code    40  port.o(.text.pxPortInitialiseStack)
    uxListRemove                             0x000017cd   Thumb Code    40  list.o(.text.uxListRemove)
    uxTaskGetNumberOfTasks                   0x000017f5   Thumb Code    12  tasks.o(.text.uxTaskGetNumberOfTasks)
    vListInitialise                          0x00001801   Thumb Code    22  list.o(.text.vListInitialise)
    vListInitialiseItem                      0x00001819   Thumb Code     6  list.o(.text.vListInitialiseItem)
    vListInsert                              0x00001821   Thumb Code    58  list.o(.text.vListInsert)
    vPortEnterCritical                       0x00001871   Thumb Code    70  port.o(.text.vPortEnterCritical)
    vPortExitCritical                        0x000018b9   Thumb Code    46  port.o(.text.vPortExitCritical)
    vPortFree                                0x000018e9   Thumb Code    26  heap_1.o(.text.vPortFree)
    vPortSetupTimerInterrupt                 0x00001905   Thumb Code    52  port.o(.text.vPortSetupTimerInterrupt)
    vPortValidateInterruptPriority           0x00001939   Thumb Code    98  port.o(.text.vPortValidateInterruptPriority)
    vQueueWaitForMessageRestricted           0x0000199d   Thumb Code    70  queue.o(.text.vQueueWaitForMessageRestricted)
    vTaskDelay                               0x000019e5   Thumb Code    84  tasks.o(.text.vTaskDelay)
    vTaskInternalSetTimeOutState             0x00001a39   Thumb Code    26  tasks.o(.text.vTaskInternalSetTimeOutState)
    vTaskMissedYield                         0x00001a55   Thumb Code    14  tasks.o(.text.vTaskMissedYield)
    vTaskPlaceOnEventList                    0x00001a65   Thumb Code    54  tasks.o(.text.vTaskPlaceOnEventList)
    vTaskPlaceOnEventListRestricted          0x00001a9d   Thumb Code   114  tasks.o(.text.vTaskPlaceOnEventListRestricted)
    vTaskPriorityDisinheritAfterTimeout      0x00001b11   Thumb Code   206  tasks.o(.text.vTaskPriorityDisinheritAfterTimeout)
    vTaskStartScheduler                      0x00001be1   Thumb Code   156  tasks.o(.text.vTaskStartScheduler)
    vTaskSuspendAll                          0x00001c7d   Thumb Code    16  tasks.o(.text.vTaskSuspendAll)
    vTaskSwitchContext                       0x00001c8d   Thumb Code   134  tasks.o(.text.vTaskSwitchContext)
    xPortStartScheduler                      0x00001d15   Thumb Code   282  port.o(.text.xPortStartScheduler)
    xQueueGenericCreate                      0x00001e31   Thumb Code    76  queue.o(.text.xQueueGenericCreate)
    xQueueGenericReset                       0x00001e7d   Thumb Code   158  queue.o(.text.xQueueGenericReset)
    xQueueGenericSend                        0x00001f1d   Thumb Code   464  queue.o(.text.xQueueGenericSend)
    xQueueGenericSendFromISR                 0x000020ed   Thumb Code   302  queue.o(.text.xQueueGenericSendFromISR)
    xQueueGiveFromISR                        0x0000221d   Thumb Code   288  queue.o(.text.xQueueGiveFromISR)
    xQueueReceive                            0x0000233d   Thumb Code   370  queue.o(.text.xQueueReceive)
    xQueueSemaphoreTake                      0x000024b1   Thumb Code   402  queue.o(.text.xQueueSemaphoreTake)
    xTaskCheckForTimeOut                     0x00002645   Thumb Code   140  tasks.o(.text.xTaskCheckForTimeOut)
    xTaskCreate                              0x000026d1   Thumb Code    94  tasks.o(.text.xTaskCreate)
    xTaskGetSchedulerState                   0x00002731   Thumb Code    38  tasks.o(.text.xTaskGetSchedulerState)
    xTaskGetTickCount                        0x00002759   Thumb Code    12  tasks.o(.text.xTaskGetTickCount)
    xTaskIncrementTick                       0x00002765   Thumb Code   430  tasks.o(.text.xTaskIncrementTick)
    xTaskPriorityDisinherit                  0x00002915   Thumb Code   194  tasks.o(.text.xTaskPriorityDisinherit)
    xTaskPriorityInherit                     0x000029d9   Thumb Code   190  tasks.o(.text.xTaskPriorityInherit)
    xTaskRemoveFromEventList                 0x00002a99   Thumb Code   248  tasks.o(.text.xTaskRemoveFromEventList)
    xTaskResumeAll                           0x00002b91   Thumb Code   364  tasks.o(.text.xTaskResumeAll)
    xTimerCreateTimerTask                    0x00002cfd   Thumb Code    92  timers.o(.text.xTimerCreateTimerTask)
    _fp_init                                 0x00002d59   Thumb Code    26  fpinit.o(x$fpl$fpinit)
    __fplib_config_fpu_vfp                   0x00002d71   Thumb Code     0  fpinit.o(x$fpl$fpinit)
    __fplib_config_pureend_doubles           0x00002d71   Thumb Code     0  fpinit.o(x$fpl$fpinit)
    uxTopUsedPriority                        0x00002d74   Data           4  tasks.o(.rodata.uxTopUsedPriority)
    Region$$Table$$Base                      0x00002d78   Number         0  anon$$obj.o(Region$$Table)
    Region$$Table$$Limit                     0x00002d98   Number         0  anon$$obj.o(Region$$Table)
    SystemCoreClock                          0x20000000   Data           4  system_tm4c123.o(.data.SystemCoreClock)
    __libspace_start                         0x20000008   Data          96  libspace.o(.bss)
    __temporary_stack_top$libspace           0x20000068   Data           0  libspace.o(.bss)
    passenger                                0x20000068   Data           4  main.o(.bss.passenger)
    pxCurrentTCB                             0x20000074   Data           4  tasks.o(.bss.pxCurrentTCB)
    switchTaskHandle                         0x200001b4   Data           4  main.o(.bss.switchTaskHandle)
    xJammingSemaphore                        0x20002228   Data           4  main.o(.bss.xJammingSemaphore)
    xMotor                                   0x2000222c   Data           4  main.o(.bss.xMotor)
    xPassenger                               0x2000223c   Data           4  main.o(.bss.xPassenger)
    xUpModeSemaphore                         0x20002290   Data           4  main.o(.bss.xUpModeSemaphore)



==============================================================================

Memory Map of the image

  Image Entry point : 0x0000030d

  Load Region LR_1 (Base: 0x00000000, Size: 0x00002da0, Max: 0xffffffff, ABSOLUTE)

    Execution Region ER_RO (Exec base: 0x00000000, Load base: 0x00000000, Size: 0x00002d98, Max: 0xffffffff, ABSOLUTE)

    Exec Addr    Load Addr    Size         Type   Attr      Idx    E Section Name        Object

    0x00000000   0x00000000   0x0000026c   Data   RO           76    RESET               startup_tm4c123.o
    0x0000026c   0x0000026c   0x00000008   Code   RO          468  * !!!main             c_w.l(__main.o)
    0x00000274   0x00000274   0x00000034   Code   RO          635    !!!scatter          c_w.l(__scatter.o)
    0x000002a8   0x000002a8   0x0000001a   Code   RO          637    !!handler_copy      c_w.l(__scatter_copy.o)
    0x000002c2   0x000002c2   0x00000002   PAD
    0x000002c4   0x000002c4   0x0000001c   Code   RO          639    !!handler_zi        c_w.l(__scatter_zi.o)
    0x000002e0   0x000002e0   0x00000002   Code   RO          499    .ARM.Collect$$libinit$$00000000  c_w.l(libinit.o)
    0x000002e2   0x000002e2   0x00000004   Code   RO          505    .ARM.Collect$$libinit$$00000001  c_w.l(libinit2.o)
    0x000002e6   0x000002e6   0x00000000   Code   RO          508    .ARM.Collect$$libinit$$00000004  c_w.l(libinit2.o)
    0x000002e6   0x000002e6   0x00000000   Code   RO          511    .ARM.Collect$$libinit$$0000000A  c_w.l(libinit2.o)
    0x000002e6   0x000002e6   0x00000000   Code   RO          513    .ARM.Collect$$libinit$$0000000C  c_w.l(libinit2.o)
    0x000002e6   0x000002e6   0x00000000   Code   RO          515    .ARM.Collect$$libinit$$0000000E  c_w.l(libinit2.o)
    0x000002e6   0x000002e6   0x00000000   Code   RO          518    .ARM.Collect$$libinit$$00000011  c_w.l(libinit2.o)
    0x000002e6   0x000002e6   0x00000000   Code   RO          520    .ARM.Collect$$libinit$$00000013  c_w.l(libinit2.o)
    0x000002e6   0x000002e6   0x00000000   Code   RO          522    .ARM.Collect$$libinit$$00000015  c_w.l(libinit2.o)
    0x000002e6   0x000002e6   0x00000000   Code   RO          524    .ARM.Collect$$libinit$$00000017  c_w.l(libinit2.o)
    0x000002e6   0x000002e6   0x00000000   Code   RO          526    .ARM.Collect$$libinit$$00000019  c_w.l(libinit2.o)
    0x000002e6   0x000002e6   0x00000000   Code   RO          528    .ARM.Collect$$libinit$$0000001B  c_w.l(libinit2.o)
    0x000002e6   0x000002e6   0x00000000   Code   RO          530    .ARM.Collect$$libinit$$0000001D  c_w.l(libinit2.o)
    0x000002e6   0x000002e6   0x00000000   Code   RO          532    .ARM.Collect$$libinit$$0000001F  c_w.l(libinit2.o)
    0x000002e6   0x000002e6   0x00000000   Code   RO          534    .ARM.Collect$$libinit$$00000021  c_w.l(libinit2.o)
    0x000002e6   0x000002e6   0x00000000   Code   RO          536    .ARM.Collect$$libinit$$00000023  c_w.l(libinit2.o)
    0x000002e6   0x000002e6   0x00000000   Code   RO          538    .ARM.Collect$$libinit$$00000025  c_w.l(libinit2.o)
    0x000002e6   0x000002e6   0x00000000   Code   RO          542    .ARM.Collect$$libinit$$0000002C  c_w.l(libinit2.o)
    0x000002e6   0x000002e6   0x00000000   Code   RO          544    .ARM.Collect$$libinit$$0000002E  c_w.l(libinit2.o)
    0x000002e6   0x000002e6   0x00000000   Code   RO          546    .ARM.Collect$$libinit$$00000030  c_w.l(libinit2.o)
    0x000002e6   0x000002e6   0x00000000   Code   RO          548    .ARM.Collect$$libinit$$00000032  c_w.l(libinit2.o)
    0x000002e6   0x000002e6   0x00000002   Code   RO          549    .ARM.Collect$$libinit$$00000033  c_w.l(libinit2.o)
    0x000002e8   0x000002e8   0x00000002   Code   RO          571    .ARM.Collect$$libshutdown$$00000000  c_w.l(libshutdown.o)
    0x000002ea   0x000002ea   0x00000000   Code   RO          586    .ARM.Collect$$libshutdown$$00000002  c_w.l(libshutdown2.o)
    0x000002ea   0x000002ea   0x00000000   Code   RO          588    .ARM.Collect$$libshutdown$$00000004  c_w.l(libshutdown2.o)
    0x000002ea   0x000002ea   0x00000000   Code   RO          591    .ARM.Collect$$libshutdown$$00000007  c_w.l(libshutdown2.o)
    0x000002ea   0x000002ea   0x00000000   Code   RO          594    .ARM.Collect$$libshutdown$$0000000A  c_w.l(libshutdown2.o)
    0x000002ea   0x000002ea   0x00000000   Code   RO          596    .ARM.Collect$$libshutdown$$0000000C  c_w.l(libshutdown2.o)
    0x000002ea   0x000002ea   0x00000000   Code   RO          599    .ARM.Collect$$libshutdown$$0000000F  c_w.l(libshutdown2.o)
    0x000002ea   0x000002ea   0x00000002   Code   RO          600    .ARM.Collect$$libshutdown$$00000010  c_w.l(libshutdown2.o)
    0x000002ec   0x000002ec   0x00000000   Code   RO          470    .ARM.Collect$$rtentry$$00000000  c_w.l(__rtentry.o)
    0x000002ec   0x000002ec   0x00000000   Code   RO          476    .ARM.Collect$$rtentry$$00000002  c_w.l(__rtentry2.o)
    0x000002ec   0x000002ec   0x00000006   Code   RO          488    .ARM.Collect$$rtentry$$00000004  c_w.l(__rtentry4.o)
    0x000002f2   0x000002f2   0x00000000   Code   RO          478    .ARM.Collect$$rtentry$$00000009  c_w.l(__rtentry2.o)
    0x000002f2   0x000002f2   0x00000004   Code   RO          479    .ARM.Collect$$rtentry$$0000000A  c_w.l(__rtentry2.o)
    0x000002f6   0x000002f6   0x00000000   Code   RO          481    .ARM.Collect$$rtentry$$0000000C  c_w.l(__rtentry2.o)
    0x000002f6   0x000002f6   0x00000008   Code   RO          482    .ARM.Collect$$rtentry$$0000000D  c_w.l(__rtentry2.o)
    0x000002fe   0x000002fe   0x00000002   Code   RO          503    .ARM.Collect$$rtexit$$00000000  c_w.l(rtexit.o)
    0x00000300   0x00000300   0x00000000   Code   RO          551    .ARM.Collect$$rtexit$$00000002  c_w.l(rtexit2.o)
    0x00000300   0x00000300   0x00000004   Code   RO          552    .ARM.Collect$$rtexit$$00000003  c_w.l(rtexit2.o)
    0x00000304   0x00000304   0x00000006   Code   RO          553    .ARM.Collect$$rtexit$$00000004  c_w.l(rtexit2.o)
    0x0000030a   0x0000030a   0x00000002   PAD
    0x0000030c   0x0000030c   0x00000114   Code   RO           77  * .text               startup_tm4c123.o
    0x00000420   0x00000420   0x0000008a   Code   RO          462    .text               c_w.l(rt_memcpy_v6.o)
    0x000004aa   0x000004aa   0x00000044   Code   RO          464    .text               c_w.l(rt_memclr.o)
    0x000004ee   0x000004ee   0x00000006   Code   RO          466    .text               c_w.l(heapauxi.o)
    0x000004f4   0x000004f4   0x00000064   Code   RO          471    .text               c_w.l(rt_memcpy_w.o)
    0x00000558   0x00000558   0x0000004e   Code   RO          473    .text               c_w.l(rt_memclr_w.o)
    0x000005a6   0x000005a6   0x0000004a   Code   RO          490    .text               c_w.l(sys_stackheap_outer.o)
    0x000005f0   0x000005f0   0x00000012   Code   RO          492    .text               c_w.l(exit.o)
    0x00000602   0x00000602   0x00000002   PAD
    0x00000604   0x00000604   0x00000008   Code   RO          500    .text               c_w.l(libspace.o)
    0x0000060c   0x0000060c   0x0000000c   Code   RO          561    .text               c_w.l(sys_exit.o)
    0x00000618   0x00000618   0x00000002   Code   RO          576    .text               c_w.l(use_no_semi.o)
    0x0000061a   0x0000061a   0x00000000   Code   RO          578    .text               c_w.l(indicate_semi.o)
    0x0000061a   0x0000061a   0x00000002   PAD
    0x0000061c   0x0000061c   0x00000028   Code   RO           56    .text.DIO_WritePin  dio.o
    0x00000644   0x00000644   0x0000011a   Code   RO           32    .text.GPIOB_isrHandler  main.o
    0x0000075e   0x0000075e   0x00000002   PAD
    0x00000760   0x00000760   0x00000054   Code   RO           34    .text.GPIOD_isrHandler  main.o
    0x000007b4   0x000007b4   0x00000048   Code   RO           30    .text.GPIOF_Handler  main.o
    0x000007fc   0x000007fc   0x0000004e   Code   RO           12    .text.JammTask      main.o
    0x0000084a   0x0000084a   0x00000002   PAD
    0x0000084c   0x0000084c   0x00000098   Code   RO           10    .text.ManualController  main.o
    0x000008e4   0x000008e4   0x00000046   Code   RO           14    .text.MotorController  main.o
    0x0000092a   0x0000092a   0x00000002   PAD
    0x0000092c   0x0000092c   0x00000022   Code   RO            4    .text.Motor_Backward  main.o
    0x0000094e   0x0000094e   0x00000002   PAD
    0x00000950   0x00000950   0x00000022   Code   RO            2    .text.Motor_Forward  main.o
    0x00000972   0x00000972   0x00000002   PAD
    0x00000974   0x00000974   0x00000022   Code   RO            6    .text.Motor_Stop    main.o
    0x00000996   0x00000996   0x00000002   PAD
    0x00000998   0x00000998   0x00000052   Code   RO           16    .text.PassengerTask  main.o
    0x000009ea   0x000009ea   0x00000006   PAD
    0x000009f0   0x000009f0   0x00000064   Code   RO          141    .text.PendSV_Handler  port.o
    0x00000a54   0x00000a54   0x0000004c   Code   RO           22    .text.PortA_Init    main.o
    0x00000aa0   0x00000aa0   0x0000007e   Code   RO           26    .text.PortB_Init    main.o
    0x00000b1e   0x00000b1e   0x00000002   PAD
    0x00000b20   0x00000b20   0x0000007e   Code   RO           28    .text.PortD_Init    main.o
    0x00000b9e   0x00000b9e   0x00000002   PAD
    0x00000ba0   0x00000ba0   0x00000082   Code   RO           24    .text.PortF_Init    main.o
    0x00000c22   0x00000c22   0x0000000e   PAD
    0x00000c30   0x00000c30   0x00000024   Code   RO          125    .text.SVC_Handler   port.o
    0x00000c54   0x00000c54   0x0000002e   Code   RO          143    .text.SysTick_Handler  port.o
    0x00000c82   0x00000c82   0x00000002   PAD
    0x00000c84   0x00000c84   0x00000070   Code   RO           88    .text.SystemInit    system_tm4c123.o
    0x00000cf4   0x00000cf4   0x00000114   Code   RO           18    .text.main          main.o
    0x00000e08   0x00000e08   0x00000016   Code   RO           20    .text.ports_inits   main.o
    0x00000e1e   0x00000e1e   0x00000002   PAD
    0x00000e20   0x00000e20   0x000000be   Code   RO          274    .text.prvAddCurrentTaskToDelayedList  tasks.o
    0x00000ede   0x00000ede   0x00000002   PAD
    0x00000ee0   0x00000ee0   0x000000cc   Code   RO          262    .text.prvAddNewTaskToReadyList  tasks.o
    0x00000fac   0x00000fac   0x0000005e   Code   RO          399    .text.prvCheckForValidListAndQueue  timers.o
    0x0000100a   0x0000100a   0x00000002   PAD
    0x0000100c   0x0000100c   0x0000004e   Code   RO          364    .text.prvCheckTasksWaitingTermination  tasks.o
    0x0000105a   0x0000105a   0x00000002   PAD
    0x0000105c   0x0000105c   0x00000022   Code   RO          213    .text.prvCopyDataFromQueue  queue.o
    0x0000107e   0x0000107e   0x00000002   PAD
    0x00001080   0x00001080   0x0000007a   Code   RO          199    .text.prvCopyDataToQueue  queue.o
    0x000010fa   0x000010fa   0x00000002   PAD
    0x000010fc   0x000010fc   0x00000014   Code   RO          268    .text.prvDeleteTCB  tasks.o
    0x00001110   0x00001110   0x00000012   Code   RO          217    .text.prvGetDisinheritPriorityAfterTimeout  queue.o
    0x00001122   0x00001122   0x00000002   PAD
    0x00001124   0x00001124   0x00000020   Code   RO          429    .text.prvGetNextExpireTime  timers.o
    0x00001144   0x00001144   0x0000002a   Code   RO          300    .text.prvIdleTask   tasks.o
    0x0000116e   0x0000116e   0x00000002   PAD
    0x00001170   0x00001170   0x0000001e   Code   RO          183    .text.prvInitialiseNewQueue  queue.o
    0x0000118e   0x0000118e   0x00000002   PAD
    0x00001190   0x00001190   0x0000008e   Code   RO          260    .text.prvInitialiseNewTask  tasks.o
    0x0000121e   0x0000121e   0x00000002   PAD
    0x00001220   0x00001220   0x00000070   Code   RO          362    .text.prvInitialiseTaskLists  tasks.o
    0x00001290   0x00001290   0x00000040   Code   RO          443    .text.prvInsertTimerInActiveList  timers.o
    0x000012d0   0x000012d0   0x00000018   Code   RO          215    .text.prvIsQueueEmpty  queue.o
    0x000012e8   0x000012e8   0x0000001c   Code   RO          203    .text.prvIsQueueFull  queue.o
    0x00001304   0x00001304   0x0000009c   Code   RO          201    .text.prvNotifyQueueSetContainer  queue.o
    0x000013a0   0x000013a0   0x00000028   Code   RO          133    .text.prvPortStartFirstTask  port.o
    0x000013c8   0x000013c8   0x00000040   Code   RO          437    .text.prvProcessExpiredTimer  timers.o
    0x00001408   0x00001408   0x000000fe   Code   RO          433    .text.prvProcessReceivedCommands  timers.o
    0x00001506   0x00001506   0x00000002   PAD
    0x00001508   0x00001508   0x00000080   Code   RO          431    .text.prvProcessTimerOrBlockTask  timers.o
    0x00001588   0x00001588   0x0000003a   Code   RO          441    .text.prvReloadTimer  timers.o
    0x000015c2   0x000015c2   0x00000002   PAD
    0x000015c4   0x000015c4   0x00000026   Code   RO          266    .text.prvResetNextTaskUnblockTime  tasks.o
    0x000015ea   0x000015ea   0x00000002   PAD
    0x000015ec   0x000015ec   0x0000002a   Code   RO          435    .text.prvSampleTimeNow  timers.o
    0x00001616   0x00001616   0x00000002   PAD
    0x00001618   0x00001618   0x00000034   Code   RO          439    .text.prvSwitchTimerLists  timers.o
    0x0000164c   0x0000164c   0x00000032   Code   RO          123    .text.prvTaskExitError  port.o
    0x0000167e   0x0000167e   0x00000002   PAD
    0x00001680   0x00001680   0x00000016   Code   RO          401    .text.prvTimerTask  timers.o
    0x00001696   0x00001696   0x00000002   PAD
    0x00001698   0x00001698   0x00000088   Code   RO          205    .text.prvUnlockQueue  queue.o
    0x00001720   0x00001720   0x0000006a   Code   RO          159    .text.pvPortMalloc  heap_1.o
    0x0000178a   0x0000178a   0x00000002   PAD
    0x0000178c   0x0000178c   0x00000018   Code   RO          346    .text.pvTaskIncrementMutexHeldCount  tasks.o
    0x000017a4   0x000017a4   0x00000028   Code   RO          121    .text.pxPortInitialiseStack  port.o
    0x000017cc   0x000017cc   0x00000028   Code   RO          110    .text.uxListRemove  list.o
    0x000017f4   0x000017f4   0x0000000c   Code   RO          310    .text.uxTaskGetNumberOfTasks  tasks.o
    0x00001800   0x00001800   0x00000016   Code   RO          102    .text.vListInitialise  list.o
    0x00001816   0x00001816   0x00000002   PAD
    0x00001818   0x00001818   0x00000006   Code   RO          104    .text.vListInitialiseItem  list.o
    0x0000181e   0x0000181e   0x00000002   PAD
    0x00001820   0x00001820   0x0000003a   Code   RO          108    .text.vListInsert   list.o
    0x0000185a   0x0000185a   0x00000002   PAD
    0x0000185c   0x0000185c   0x00000014   Code   RO          131    .text.vPortEnableVFP  port.o
    0x00001870   0x00001870   0x00000046   Code   RO          137    .text.vPortEnterCritical  port.o
    0x000018b6   0x000018b6   0x00000002   PAD
    0x000018b8   0x000018b8   0x0000002e   Code   RO          139    .text.vPortExitCritical  port.o
    0x000018e6   0x000018e6   0x00000002   PAD
    0x000018e8   0x000018e8   0x0000001a   Code   RO          161    .text.vPortFree     heap_1.o
    0x00001902   0x00001902   0x00000002   PAD
    0x00001904   0x00001904   0x00000034   Code   RO          129    .text.vPortSetupTimerInterrupt  port.o
    0x00001938   0x00001938   0x00000062   Code   RO          145    .text.vPortValidateInterruptPriority  port.o
    0x0000199a   0x0000199a   0x00000002   PAD
    0x0000199c   0x0000199c   0x00000046   Code   RO          237    .text.vQueueWaitForMessageRestricted  queue.o
    0x000019e2   0x000019e2   0x00000002   PAD
    0x000019e4   0x000019e4   0x00000054   Code   RO          278    .text.vTaskDelay    tasks.o
    0x00001a38   0x00001a38   0x0000001a   Code   RO          328    .text.vTaskInternalSetTimeOutState  tasks.o
    0x00001a52   0x00001a52   0x00000002   PAD
    0x00001a54   0x00001a54   0x0000000e   Code   RO          332    .text.vTaskMissedYield  tasks.o
    0x00001a62   0x00001a62   0x00000002   PAD
    0x00001a64   0x00001a64   0x00000036   Code   RO          316    .text.vTaskPlaceOnEventList  tasks.o
    0x00001a9a   0x00001a9a   0x00000002   PAD
    0x00001a9c   0x00001a9c   0x00000072   Code   RO          320    .text.vTaskPlaceOnEventListRestricted  tasks.o
    0x00001b0e   0x00001b0e   0x00000002   PAD
    0x00001b10   0x00001b10   0x000000ce   Code   RO          342    .text.vTaskPriorityDisinheritAfterTimeout  tasks.o
    0x00001bde   0x00001bde   0x00000002   PAD
    0x00001be0   0x00001be0   0x0000009c   Code   RO          298    .text.vTaskStartScheduler  tasks.o
    0x00001c7c   0x00001c7c   0x00000010   Code   RO          272    .text.vTaskSuspendAll  tasks.o
    0x00001c8c   0x00001c8c   0x00000086   Code   RO          290    .text.vTaskSwitchContext  tasks.o
    0x00001d12   0x00001d12   0x00000002   PAD
    0x00001d14   0x00001d14   0x0000011a   Code   RO          127    .text.xPortStartScheduler  port.o
    0x00001e2e   0x00001e2e   0x00000002   PAD
    0x00001e30   0x00001e30   0x0000004c   Code   RO          181    .text.xQueueGenericCreate  queue.o
    0x00001e7c   0x00001e7c   0x0000009e   Code   RO          179    .text.xQueueGenericReset  queue.o
    0x00001f1a   0x00001f1a   0x00000002   PAD
    0x00001f1c   0x00001f1c   0x000001d0   Code   RO          191    .text.xQueueGenericSend  queue.o
    0x000020ec   0x000020ec   0x0000012e   Code   RO          207    .text.xQueueGenericSendFromISR  queue.o
    0x0000221a   0x0000221a   0x00000002   PAD
    0x0000221c   0x0000221c   0x00000120   Code   RO          209    .text.xQueueGiveFromISR  queue.o
    0x0000233c   0x0000233c   0x00000172   Code   RO          211    .text.xQueueReceive  queue.o
    0x000024ae   0x000024ae   0x00000002   PAD
    0x000024b0   0x000024b0   0x00000192   Code   RO          195    .text.xQueueSemaphoreTake  queue.o
    0x00002642   0x00002642   0x00000002   PAD
    0x00002644   0x00002644   0x0000008c   Code   RO          330    .text.xTaskCheckForTimeOut  tasks.o
    0x000026d0   0x000026d0   0x0000005e   Code   RO          258    .text.xTaskCreate   tasks.o
    0x0000272e   0x0000272e   0x00000002   PAD
    0x00002730   0x00002730   0x00000026   Code   RO          336    .text.xTaskGetSchedulerState  tasks.o
    0x00002756   0x00002756   0x00000002   PAD
    0x00002758   0x00002758   0x0000000c   Code   RO          306    .text.xTaskGetTickCount  tasks.o
    0x00002764   0x00002764   0x000001ae   Code   RO          304    .text.xTaskIncrementTick  tasks.o
    0x00002912   0x00002912   0x00000002   PAD
    0x00002914   0x00002914   0x000000c2   Code   RO          340    .text.xTaskPriorityDisinherit  tasks.o
    0x000029d6   0x000029d6   0x00000002   PAD
    0x000029d8   0x000029d8   0x000000be   Code   RO          338    .text.xTaskPriorityInherit  tasks.o
    0x00002a96   0x00002a96   0x00000002   PAD
    0x00002a98   0x00002a98   0x000000f8   Code   RO          322    .text.xTaskRemoveFromEventList  tasks.o
    0x00002b90   0x00002b90   0x0000016c   Code   RO          276    .text.xTaskResumeAll  tasks.o
    0x00002cfc   0x00002cfc   0x0000005c   Code   RO          397    .text.xTimerCreateTimerTask  timers.o
    0x00002d58   0x00002d58   0x0000001a   Code   RO          559    x$fpl$fpinit        fz_wm.l(fpinit.o)
    0x00002d72   0x00002d72   0x00000002   PAD
    0x00002d74   0x00002d74   0x00000004   Data   RO          367    .rodata.uxTopUsedPriority  tasks.o
    0x00002d78   0x00002d78   0x00000020   Data   RO          634    Region$$Table       anon$$obj.o


    Execution Region ER_RW (Exec base: 0x20000000, Load base: 0x00002d98, Size: 0x00000008, Max: 0xffffffff, ABSOLUTE)

    Exec Addr    Load Addr    Size         Type   Attr      Idx    E Section Name        Object

    0x20000000   0x00002d98   0x00000004   Data   RW           90    .data.SystemCoreClock  system_tm4c123.o
    0x20000004   0x00002d9c   0x00000004   Data   RW          149    .data.uxCriticalNesting  port.o


    Execution Region ER_ZI (Exec base: 0x20000008, Load base: 0x00002da0, Size: 0x00002490, Max: 0xffffffff, ABSOLUTE)

    Exec Addr    Load Addr    Size         Type   Attr      Idx    E Section Name        Object

    0x20000008        -       0x00000060   Zero   RW          501    .bss                c_w.l(libspace.o)
    0x20000068        -       0x00000004   Zero   RW           41    .bss.passenger      main.o
    0x2000006c        -       0x00000004   Zero   RW          449    .bss.prvSampleTimeNow.xLastTime  timers.o
    0x20000070        -       0x00000004   Zero   RW          167    .bss.pvPortMalloc.pucAlignedHeap  heap_1.o
    0x20000074        -       0x00000004   Zero   RW          366    .bss.pxCurrentTCB   tasks.o
    0x20000078        -       0x00000004   Zero   RW          447    .bss.pxCurrentTimerList  timers.o
    0x2000007c        -       0x00000004   Zero   RW          377    .bss.pxDelayedTaskList  tasks.o
    0x20000080        -       0x00000004   Zero   RW          378    .bss.pxOverflowDelayedTaskList  tasks.o
    0x20000084        -       0x00000004   Zero   RW          448    .bss.pxOverflowTimerList  timers.o
    0x20000088        -       0x0000012c   Zero   RW          368    .bss.pxReadyTasksLists  tasks.o
    0x200001b4        -       0x00000004   Zero   RW           40    .bss.switchTaskHandle  main.o
    0x200001b8        -       0x00002000   Zero   RW          168    .bss.ucHeap         heap_1.o
    0x200021b8        -       0x00000001   Zero   RW          147    .bss.ucMaxSysCallPriority  port.o
    0x200021b9   0x00002da0   0x00000003   PAD
    0x200021bc        -       0x00000004   Zero   RW          148    .bss.ulMaxPRIGROUPValue  port.o
    0x200021c0        -       0x00000004   Zero   RW          373    .bss.uxCurrentNumberOfTasks  tasks.o
    0x200021c4        -       0x00000004   Zero   RW          372    .bss.uxDeletedTasksWaitingCleanUp  tasks.o
    0x200021c8        -       0x00000004   Zero   RW          375    .bss.uxSchedulerSuspended  tasks.o
    0x200021cc        -       0x00000004   Zero   RW          370    .bss.uxTaskNumber   tasks.o
    0x200021d0        -       0x00000004   Zero   RW          369    .bss.uxTopReadyPriority  tasks.o
    0x200021d4        -       0x00000014   Zero   RW          450    .bss.xActiveTimerList1  timers.o
    0x200021e8        -       0x00000014   Zero   RW          451    .bss.xActiveTimerList2  timers.o
    0x200021fc        -       0x00000014   Zero   RW          386    .bss.xDelayedTaskList1  tasks.o
    0x20002210        -       0x00000014   Zero   RW          387    .bss.xDelayedTaskList2  tasks.o
    0x20002224        -       0x00000004   Zero   RW          382    .bss.xIdleTaskHandle  tasks.o
    0x20002228        -       0x00000004   Zero   RW           38    .bss.xJammingSemaphore  main.o
    0x2000222c        -       0x00000004   Zero   RW           36    .bss.xMotor         main.o
    0x20002230        -       0x00000004   Zero   RW          169    .bss.xNextFreeByte  heap_1.o
    0x20002234        -       0x00000004   Zero   RW          383    .bss.xNextTaskUnblockTime  tasks.o
    0x20002238        -       0x00000004   Zero   RW          385    .bss.xNumOfOverflows  tasks.o
    0x2000223c        -       0x00000004   Zero   RW           39    .bss.xPassenger     main.o
    0x20002240        -       0x00000004   Zero   RW          384    .bss.xPendedTicks   tasks.o
    0x20002244        -       0x00000014   Zero   RW          381    .bss.xPendingReadyList  tasks.o
    0x20002258        -       0x00000004   Zero   RW          374    .bss.xSchedulerRunning  tasks.o
    0x2000225c        -       0x00000014   Zero   RW          379    .bss.xSuspendedTaskList  tasks.o
    0x20002270        -       0x00000014   Zero   RW          371    .bss.xTasksWaitingTermination  tasks.o
    0x20002284        -       0x00000004   Zero   RW          376    .bss.xTickCount     tasks.o
    0x20002288        -       0x00000004   Zero   RW          445    .bss.xTimerQueue    timers.o
    0x2000228c        -       0x00000004   Zero   RW          446    .bss.xTimerTaskHandle  timers.o
    0x20002290        -       0x00000004   Zero   RW           37    .bss.xUpModeSemaphore  main.o
    0x20002294        -       0x00000004   Zero   RW          380    .bss.xYieldPending  tasks.o
    0x20002298        -       0x00000000   Zero   RW           75    HEAP                startup_tm4c123.o
    0x20002298        -       0x00000200   Zero   RW           74    STACK               startup_tm4c123.o


==============================================================================

Image component sizes


      Code (inc. data)   RO Data    RW Data    ZI Data      Debug   Object Name

        40          0          0          0          0       1399   dio.o
       132          0          0          0       8200       1737   heap_1.o
       126          0          0          0          0       2211   list.o
      1678         44          0          0         24       8890   main.o
       880         16          0          4          5       3989   port.o
      2678          0          0          0          0      20010   queue.o
       276         24        620          0        512       5448   startup_tm4c123.o
       112          0          0          4          0       6409   system_tm4c123.o
      3376          8          4          0        460      26405   tasks.o
       902         18          0          0         60      10009   timers.o

    ----------------------------------------------------------------------
     10320        110        656          8       9264      86507   Object Totals
         0          0         32          0          0          0   (incl. Generated)
       120          0          0          0          3          0   (incl. Padding)

    ----------------------------------------------------------------------

      Code (inc. data)   RO Data    RW Data    ZI Data      Debug   Library Member Name

         8          0          0          0          0         68   __main.o
         0          0          0          0          0          0   __rtentry.o
        12          0          0          0          0          0   __rtentry2.o
         6          0          0          0          0          0   __rtentry4.o
        52          8          0          0          0          0   __scatter.o
        26          0          0          0          0          0   __scatter_copy.o
        28          0          0          0          0          0   __scatter_zi.o
        18          0          0          0          0         80   exit.o
         6          0          0          0          0        152   heapauxi.o
         0          0          0          0          0          0   indicate_semi.o
         2          0          0          0          0          0   libinit.o
         6          0          0          0          0          0   libinit2.o
         2          0          0          0          0          0   libshutdown.o
         2          0          0          0          0          0   libshutdown2.o
         8          4          0          0         96         68   libspace.o
        68          0          0          0          0         68   rt_memclr.o
        78          0          0          0          0         80   rt_memclr_w.o
       138          0          0          0          0         68   rt_memcpy_v6.o
       100          0          0          0          0         80   rt_memcpy_w.o
         2          0          0          0          0          0   rtexit.o
        10          0          0          0          0          0   rtexit2.o
        12          4          0          0          0         68   sys_exit.o
        74          0          0          0          0         80   sys_stackheap_outer.o
         2          0          0          0          0         68   use_no_semi.o
        26          0          0          0          0        116   fpinit.o

    ----------------------------------------------------------------------
       696         16          0          0         96        996   Library Totals
        10          0          0          0          0          0   (incl. Padding)

    ----------------------------------------------------------------------

      Code (inc. data)   RO Data    RW Data    ZI Data      Debug   Library Name

       660         16          0          0         96        880   c_w.l
        26          0          0          0          0        116   fz_wm.l

    ----------------------------------------------------------------------
       696         16          0          0         96        996   Library Totals

    ----------------------------------------------------------------------

==============================================================================


      Code (inc. data)   RO Data    RW Data    ZI Data      Debug   

     11016        126        656          8       9360      87011   Grand Totals
     11016        126        656          8       9360      87011   ELF Image Totals
     11016        126        656          8          0          0   ROM Totals

==============================================================================

    Total RO  Size (Code + RO Data)                11672 (  11.40kB)
    Total RW  Size (RW Data + ZI Data)              9368 (   9.15kB)
    Total ROM Size (Code + RO Data + RW Data)      11680 (  11.41kB)

==============================================================================

